../Core/Src/ApplicationCode.c:19:6:ApplicationInit	8	static
../Core/Src/ApplicationCode.c:36:6:resetBoard	8	static
../Core/Src/ApplicationCode.c:40:6:LCD_StartUp	8	static
../Core/Src/ApplicationCode.c:46:6:startGamePolling	8	static
../Core/Src/ApplicationCode.c:50:6:displayEndScreen	16	static
../Core/Src/ApplicationCode.c:58:6:LCD_Touch_Polling_Demo	8	static
../Core/Src/ApplicationCode.c:76:6:Error_Handler	4	static,ignoring_inline_asm
../Core/Src/ApplicationCode.c:87:6:EXTI0_IRQHandler	16	static
