../Core/Src/Board_Driver.c:21:6:Board_Reset	16	static
../Core/Src/Board_Driver.c:32:6:Board_GetisStillPlaying	4	static
../Core/Src/Board_Driver.c:36:6:Board_GetisPlayerBlue	4	static
../Core/Src/Board_Driver.c:40:6:Board_SetHoveringPiece	8	static
../Core/Src/Board_Driver.c:45:6:Board_ShiftHoveringPieceRight	8	static
../Core/Src/Board_Driver.c:53:6:Board_ShiftHoveringPieceLeft	8	static
../Core/Src/Board_Driver.c:61:6:Board_DropPiece	24	static
../Core/Src/Board_Driver.c:95:6:Board_CheckForWin	24	static
../Core/Src/Board_Driver.c:274:6:Board_CheckForTie	16	static
../Core/Src/Board_Driver.c:290:9:Board_CheckEndCondition	8	static
../Core/Src/Board_Driver.c:302:6:Board_PlayPolling	8	static
