../Core/Src/LCD_Driver.c:33:6:LCD_GPIO_Init	56	static
../Core/Src/LCD_Driver.c:116:6:LTCD_Layer_Init	72	static
../Core/Src/LCD_Driver.c:143:6:clearScreen	8	static
../Core/Src/LCD_Driver.c:148:6:LTCD__Init	8	static
../Core/Src/LCD_Driver.c:207:6:LCD_Draw_Pixel	16	static
../Core/Src/LCD_Driver.c:217:6:LCD_Draw_Circle_Fill	32	static
../Core/Src/LCD_Driver.c:235:6:LCD_Draw_Expanding_Circle	24	static
../Core/Src/LCD_Driver.c:244:6:LCD_Draw_Vertical_Line	32	static
../Core/Src/LCD_Driver.c:252:6:LCD_Draw_Horizontal_Line	32	static
../Core/Src/LCD_Driver.c:260:6:LCD_Clear	24	static
../Core/Src/LCD_Driver.c:271:6:LCD_SetTextColor	16	static
../Core/Src/LCD_Driver.c:277:6:LCD_SetFont	16	static
../Core/Src/LCD_Driver.c:283:6:LCD_Draw_Char	24	static
../Core/Src/LCD_Driver.c:303:6:LCD_DisplayChar	16	static
../Core/Src/LCD_Driver.c:309:6:LCD_StartScreen	4	static
../Core/Src/LCD_Driver.c:314:6:visualDemo	16	static
../Core/Src/LCD_Driver.c:364:6:LCD_Error_Handler	4	static,ignoring_inline_asm
../Core/Src/LCD_Driver.c:379:6:InitializeLCDTouch	8	static
../Core/Src/LCD_Driver.c:387:18:returnTouchStateAndLocation	16	static
../Core/Src/LCD_Driver.c:392:6:DetermineTouchPosition	16	static
../Core/Src/LCD_Driver.c:397:9:ReadRegisterFromTouchModule	16	static
../Core/Src/LCD_Driver.c:402:6:WriteDataToTouchModule	16	static
