../Core/Src/Screen_Driver.c:17:6:Screen_OpenStartupScreen	8	static
../Core/Src/Screen_Driver.c:88:6:Screen_OpenPlayScreen	16	static
../Core/Src/Screen_Driver.c:108:6:Screen_OpenEndScreen	32	static
../Core/Src/Screen_Driver.c:188:6:Screen_DisplayPlayAgainButton	8	static
../Core/Src/Screen_Driver.c:217:6:Screen_DisplayHoveringPiece	16	static
../Core/Src/Screen_Driver.c:226:6:Screen_MoveHoveringPieceLeft	16	static
../Core/Src/Screen_Driver.c:234:6:Screen_MoveHoveringPieceRight	16	static
../Core/Src/Screen_Driver.c:242:6:Screen_DrawPiece	16	static
../Core/Src/Screen_Driver.c:251:10:Screen_RowToCoords	16	static
../Core/Src/Screen_Driver.c:276:10:Screen_ColumnToCoords	16	static
../Core/Src/Screen_Driver.c:304:6:Screen_GetisOnePlayer	4	static
../Core/Src/Screen_Driver.c:308:6:Screen_SetisOnePlayer	16	static
../Core/Src/Screen_Driver.c:312:21:Screen_GetPTouchData	4	static
