../Core/Src/Screen_Driver.c:17:6:Screen_OpenStartupScreen	8	static
../Core/Src/Screen_Driver.c:88:6:Screen_OpenPlayScreen	16	static
../Core/Src/Screen_Driver.c:106:6:Screen_OpenEndScreen	32	static
../Core/Src/Screen_Driver.c:186:6:Screen_DisplayPlayAgainButton	8	static
../Core/Src/Screen_Driver.c:215:6:Screen_DisplayHoveringPiece	16	static
../Core/Src/Screen_Driver.c:224:6:Screen_MoveHoveringPieceLeft	16	static
../Core/Src/Screen_Driver.c:232:6:Screen_MoveHoveringPieceRight	16	static
../Core/Src/Screen_Driver.c:240:6:Screen_DrawPiece	16	static
../Core/Src/Screen_Driver.c:249:10:Screen_RowToCoords	16	static
../Core/Src/Screen_Driver.c:274:10:Screen_ColumnToCoords	16	static
../Core/Src/Screen_Driver.c:302:6:Screen_GetisOnePlayer	4	static
../Core/Src/Screen_Driver.c:306:6:Screen_SetisOnePlayer	16	static
../Core/Src/Screen_Driver.c:310:21:Screen_GetPTouchData	4	static
