Archive member included to satisfy reference by file (symbol)

C:/ST/STM32CubeIDE_1.17.0/STM32CubeIDE/plugins/com.st.stm32cube.ide.mcu.externaltools.gnu-tools-for-stm32.12.3.rel1.win32_1.1.0.202410251130/tools/bin/../lib/gcc/arm-none-eabi/12.3.1/../../../../arm-none-eabi/lib/thumb/v7e-m+fp/hard\libc_nano.a(libc_a-exit.o)
                              C:/ST/STM32CubeIDE_1.17.0/STM32CubeIDE/plugins/com.st.stm32cube.ide.mcu.externaltools.gnu-tools-for-stm32.12.3.rel1.win32_1.1.0.202410251130/tools/bin/../lib/gcc/arm-none-eabi/12.3.1/../../../../arm-none-eabi/lib/thumb/v7e-m+fp/hard/crt0.o (exit)
C:/ST/STM32CubeIDE_1.17.0/STM32CubeIDE/plugins/com.st.stm32cube.ide.mcu.externaltools.gnu-tools-for-stm32.12.3.rel1.win32_1.1.0.202410251130/tools/bin/../lib/gcc/arm-none-eabi/12.3.1/../../../../arm-none-eabi/lib/thumb/v7e-m+fp/hard\libc_nano.a(libc_a-findfp.o)
                              C:/ST/STM32CubeIDE_1.17.0/STM32CubeIDE/plugins/com.st.stm32cube.ide.mcu.externaltools.gnu-tools-for-stm32.12.3.rel1.win32_1.1.0.202410251130/tools/bin/../lib/gcc/arm-none-eabi/12.3.1/../../../../arm-none-eabi/lib/thumb/v7e-m+fp/hard\libc_nano.a(libc_a-exit.o) (__stdio_exit_handler)
C:/ST/STM32CubeIDE_1.17.0/STM32CubeIDE/plugins/com.st.stm32cube.ide.mcu.externaltools.gnu-tools-for-stm32.12.3.rel1.win32_1.1.0.202410251130/tools/bin/../lib/gcc/arm-none-eabi/12.3.1/../../../../arm-none-eabi/lib/thumb/v7e-m+fp/hard\libc_nano.a(libc_a-fwalk.o)
                              C:/ST/STM32CubeIDE_1.17.0/STM32CubeIDE/plugins/com.st.stm32cube.ide.mcu.externaltools.gnu-tools-for-stm32.12.3.rel1.win32_1.1.0.202410251130/tools/bin/../lib/gcc/arm-none-eabi/12.3.1/../../../../arm-none-eabi/lib/thumb/v7e-m+fp/hard\libc_nano.a(libc_a-findfp.o) (_fwalk_sglue)
C:/ST/STM32CubeIDE_1.17.0/STM32CubeIDE/plugins/com.st.stm32cube.ide.mcu.externaltools.gnu-tools-for-stm32.12.3.rel1.win32_1.1.0.202410251130/tools/bin/../lib/gcc/arm-none-eabi/12.3.1/../../../../arm-none-eabi/lib/thumb/v7e-m+fp/hard\libc_nano.a(libc_a-printf.o)
                              ./Core/Src/ApplicationCode.o (printf)
C:/ST/STM32CubeIDE_1.17.0/STM32CubeIDE/plugins/com.st.stm32cube.ide.mcu.externaltools.gnu-tools-for-stm32.12.3.rel1.win32_1.1.0.202410251130/tools/bin/../lib/gcc/arm-none-eabi/12.3.1/../../../../arm-none-eabi/lib/thumb/v7e-m+fp/hard\libc_nano.a(libc_a-puts.o)
                              ./Core/Src/ApplicationCode.o (puts)
C:/ST/STM32CubeIDE_1.17.0/STM32CubeIDE/plugins/com.st.stm32cube.ide.mcu.externaltools.gnu-tools-for-stm32.12.3.rel1.win32_1.1.0.202410251130/tools/bin/../lib/gcc/arm-none-eabi/12.3.1/../../../../arm-none-eabi/lib/thumb/v7e-m+fp/hard\libc_nano.a(libc_a-stdio.o)
                              C:/ST/STM32CubeIDE_1.17.0/STM32CubeIDE/plugins/com.st.stm32cube.ide.mcu.externaltools.gnu-tools-for-stm32.12.3.rel1.win32_1.1.0.202410251130/tools/bin/../lib/gcc/arm-none-eabi/12.3.1/../../../../arm-none-eabi/lib/thumb/v7e-m+fp/hard\libc_nano.a(libc_a-findfp.o) (__sread)
C:/ST/STM32CubeIDE_1.17.0/STM32CubeIDE/plugins/com.st.stm32cube.ide.mcu.externaltools.gnu-tools-for-stm32.12.3.rel1.win32_1.1.0.202410251130/tools/bin/../lib/gcc/arm-none-eabi/12.3.1/../../../../arm-none-eabi/lib/thumb/v7e-m+fp/hard\libc_nano.a(libc_a-wbuf.o)
                              C:/ST/STM32CubeIDE_1.17.0/STM32CubeIDE/plugins/com.st.stm32cube.ide.mcu.externaltools.gnu-tools-for-stm32.12.3.rel1.win32_1.1.0.202410251130/tools/bin/../lib/gcc/arm-none-eabi/12.3.1/../../../../arm-none-eabi/lib/thumb/v7e-m+fp/hard\libc_nano.a(libc_a-puts.o) (__swbuf_r)
C:/ST/STM32CubeIDE_1.17.0/STM32CubeIDE/plugins/com.st.stm32cube.ide.mcu.externaltools.gnu-tools-for-stm32.12.3.rel1.win32_1.1.0.202410251130/tools/bin/../lib/gcc/arm-none-eabi/12.3.1/../../../../arm-none-eabi/lib/thumb/v7e-m+fp/hard\libc_nano.a(libc_a-wsetup.o)
                              C:/ST/STM32CubeIDE_1.17.0/STM32CubeIDE/plugins/com.st.stm32cube.ide.mcu.externaltools.gnu-tools-for-stm32.12.3.rel1.win32_1.1.0.202410251130/tools/bin/../lib/gcc/arm-none-eabi/12.3.1/../../../../arm-none-eabi/lib/thumb/v7e-m+fp/hard\libc_nano.a(libc_a-puts.o) (__swsetup_r)
C:/ST/STM32CubeIDE_1.17.0/STM32CubeIDE/plugins/com.st.stm32cube.ide.mcu.externaltools.gnu-tools-for-stm32.12.3.rel1.win32_1.1.0.202410251130/tools/bin/../lib/gcc/arm-none-eabi/12.3.1/../../../../arm-none-eabi/lib/thumb/v7e-m+fp/hard\libc_nano.a(libc_a-memset.o)
                              C:/ST/STM32CubeIDE_1.17.0/STM32CubeIDE/plugins/com.st.stm32cube.ide.mcu.externaltools.gnu-tools-for-stm32.12.3.rel1.win32_1.1.0.202410251130/tools/bin/../lib/gcc/arm-none-eabi/12.3.1/../../../../arm-none-eabi/lib/thumb/v7e-m+fp/hard/crt0.o (memset)
C:/ST/STM32CubeIDE_1.17.0/STM32CubeIDE/plugins/com.st.stm32cube.ide.mcu.externaltools.gnu-tools-for-stm32.12.3.rel1.win32_1.1.0.202410251130/tools/bin/../lib/gcc/arm-none-eabi/12.3.1/../../../../arm-none-eabi/lib/thumb/v7e-m+fp/hard\libc_nano.a(libc_a-closer.o)
[...]
Memory Configuration

Name             Origin             Length             Attributes
CCMRAM           0x10000000         0x00010000         xrw
RAM              0x20000000         0x00030000         xrw
FLASH            0x08000000         0x00200000         xr
*default*        0x00000000         0xffffffff

Linker script and memory map

LOAD C:/ST/STM32CubeIDE_1.17.0/STM32CubeIDE/plugins/com.st.stm32cube.ide.mcu.externaltools.gnu-tools-for-stm32.12.3.rel1.win32_1.1.0.202410251130/tools/bin/../lib/gcc/arm-none-eabi/12.3.1/thumb/v7e-m+fp/hard/crti.o
LOAD C:/ST/STM32CubeIDE_1.17.0/STM32CubeIDE/plugins/com.st.stm32cube.ide.mcu.externaltools.gnu-tools-for-stm32.12.3.rel1.win32_1.1.0.202410251130/tools/bin/../lib/gcc/arm-none-eabi/12.3.1/thumb/v7e-m+fp/hard/crtbegin.o
LOAD C:/ST/STM32CubeIDE_1.17.0/STM32CubeIDE/plugins/com.st.stm32cube.ide.mcu.externaltools.gnu-tools-for-stm32.12.3.rel1.win32_1.1.0.202410251130/tools/bin/../lib/gcc/arm-none-eabi/12.3.1/../../../../arm-none-eabi/lib/thumb/v7e-m+fp/hard/crt0.o
LOAD ./Core/Src/AI_Driver.o
LOAD ./Core/Src/ApplicationCode.o
LOAD ./Core/Src/Board_Driver.o
LOAD ./Core/Src/LCD_Driver.o
LOAD ./Core/Src/Screen_Driver.o
LOAD ./Core/Src/fonts.o
LOAD ./Core/Src/ili9341.o
LOAD ./Core/Src/main.o
LOAD ./Core/Src/stm32f4xx_hal_msp.o
LOAD ./Core/Src/stm32f4xx_it.o
LOAD ./Core/Src/stmpe811.o
LOAD ./Core/Src/syscalls.o
LOAD ./Core/Src/sysmem.o
LOAD ./Core/Src/system_stm32f4xx.o
LOAD ./Core/Startup/startup_stm32f429zitx.o
LOAD ./Drivers/STM32F4xx_HAL_Driver/Src/stm32f4xx_hal.o
LOAD ./Drivers/STM32F4xx_HAL_Driver/Src/stm32f4xx_hal_cortex.o
LOAD ./Drivers/STM32F4xx_HAL_Driver/Src/stm32f4xx_hal_dma.o
LOAD ./Drivers/STM32F4xx_HAL_Driver/Src/stm32f4xx_hal_dma_ex.o
LOAD ./Drivers/STM32F4xx_HAL_Driver/Src/stm32f4xx_hal_dsi.o
LOAD ./Drivers/STM32F4xx_HAL_Driver/Src/stm32f4xx_hal_exti.o
LOAD ./Drivers/STM32F4xx_HAL_Driver/Src/stm32f4xx_hal_flash.o
LOAD ./Drivers/STM32F4xx_HAL_Driver/Src/stm32f4xx_hal_flash_ex.o
LOAD ./Drivers/STM32F4xx_HAL_Driver/Src/stm32f4xx_hal_flash_ramfunc.o
LOAD ./Drivers/STM32F4xx_HAL_Driver/Src/stm32f4xx_hal_gpio.o
LOAD ./Drivers/STM32F4xx_HAL_Driver/Src/stm32f4xx_hal_i2c.o
LOAD ./Drivers/STM32F4xx_HAL_Driver/Src/stm32f4xx_hal_i2c_ex.o
LOAD ./Drivers/STM32F4xx_HAL_Driver/Src/stm32f4xx_hal_ltdc.o
LOAD ./Drivers/STM32F4xx_HAL_Driver/Src/stm32f4xx_hal_ltdc_ex.o
LOAD ./Drivers/STM32F4xx_HAL_Driver/Src/stm32f4xx_hal_pwr.o
LOAD ./Drivers/STM32F4xx_HAL_Driver/Src/stm32f4xx_hal_pwr_ex.o
LOAD ./Drivers/STM32F4xx_HAL_Driver/Src/stm32f4xx_hal_rcc.o
LOAD ./Drivers/STM32F4xx_HAL_Driver/Src/stm32f4xx_hal_rcc_ex.o
LOAD ./Drivers/STM32F4xx_HAL_Driver/Src/stm32f4xx_hal_rng.o
LOAD ./Drivers/STM32F4xx_HAL_Driver/Src/stm32f4xx_hal_spi.o
LOAD ./Drivers/STM32F4xx_HAL_Driver/Src/stm32f4xx_hal_tim.o
LOAD ./Drivers/STM32F4xx_HAL_Driver/Src/stm32f4xx_hal_tim_ex.o
START GROUP
LOAD C:/ST/STM32CubeIDE_1.17.0/STM32CubeIDE/plugins/com.st.stm32cube.ide.mcu.externaltools.gnu-tools-for-stm32.12.3.rel1.win32_1.1.0.202410251130/tools/bin/../lib/gcc/arm-none-eabi/12.3.1/../../../../arm-none-eabi/lib/thumb/v7e-m+fp/hard\libc_nano.a
LOAD C:/ST/STM32CubeIDE_1.17.0/STM32CubeIDE/plugins/com.st.stm32cube.ide.mcu.externaltools.gnu-tools-for-stm32.12.3.rel1.win32_1.1.0.202410251130/tools/bin/../lib/gcc/arm-none-eabi/12.3.1/../../../../arm-none-eabi/lib/thumb/v7e-m+fp/hard\libm.a
END GROUP
START GROUP
LOAD C:/ST/STM32CubeIDE_1.17.0/STM32CubeIDE/plugins/com.st.stm32cube.ide.mcu.externaltools.gnu-tools-for-stm32.12.3.rel1.win32_1.1.0.202410251130/tools/bin/../lib/gcc/arm-none-eabi/12.3.1/thumb/v7e-m+fp/hard\libgcc.a
LOAD C:/ST/STM32CubeIDE_1.17.0/STM32CubeIDE/plugins/com.st.stm32cube.ide.mcu.externaltools.gnu-tools-for-stm32.12.3.rel1.win32_1.1.0.202410251130/tools/bin/../lib/gcc/arm-none-eabi/12.3.1/../../../../arm-none-eabi/lib/thumb/v7e-m+fp/hard\libc_nano.a
END GROUP
START GROUP
LOAD C:/ST/STM32CubeIDE_1.17.0/STM32CubeIDE/plugins/com.st.stm32cube.ide.mcu.externaltools.gnu-tools-for-stm32.12.3.rel1.win32_1.1.0.202410251130/tools/bin/../lib/gcc/arm-none-eabi/12.3.1/thumb/v7e-m+fp/hard\libgcc.a
LOAD C:/ST/STM32CubeIDE_1.17.0/STM32CubeIDE/plugins/com.st.stm32cube.ide.mcu.externaltools.gnu-tools-for-stm32.12.3.rel1.win32_1.1.0.202410251130/tools/bin/../lib/gcc/arm-none-eabi/12.3.1/../../../../arm-none-eabi/lib/thumb/v7e-m+fp/hard\libc_nano.a
LOAD C:/ST/STM32CubeIDE_1.17.0/STM32CubeIDE/plugins/com.st.stm32cube.ide.mcu.externaltools.gnu-tools-for-stm32.12.3.rel1.win32_1.1.0.202410251130/tools/bin/../lib/gcc/arm-none-eabi/12.3.1/../../../../arm-none-eabi/lib/thumb/v7e-m+fp/hard\libnosys.a
END GROUP
START GROUP
LOAD C:/ST/STM32CubeIDE_1.17.0/STM32CubeIDE/plugins/com.st.stm32cube.ide.mcu.externaltools.gnu-tools-for-stm32.12.3.rel1.win32_1.1.0.202410251130/tools/bin/../lib/gcc/arm-none-eabi/12.3.1/thumb/v7e-m+fp/hard\libgcc.a
LOAD C:/ST/STM32CubeIDE_1.17.0/STM32CubeIDE/plugins/com.st.stm32cube.ide.mcu.externaltools.gnu-tools-for-stm32.12.3.rel1.win32_1.1.0.202410251130/tools/bin/../lib/gcc/arm-none-eabi/12.3.1/../../../../arm-none-eabi/lib/thumb/v7e-m+fp/hard\libc_nano.a
LOAD C:/ST/STM32CubeIDE_1.17.0/STM32CubeIDE/plugins/com.st.stm32cube.ide.mcu.externaltools.gnu-tools-for-stm32.12.3.rel1.win32_1.1.0.202410251130/tools/bin/../lib/gcc/arm-none-eabi/12.3.1/../../../../arm-none-eabi/lib/thumb/v7e-m+fp/hard\libnosys.a
END GROUP
LOAD C:/ST/STM32CubeIDE_1.17.0/STM32CubeIDE/plugins/com.st.stm32cube.ide.mcu.externaltools.gnu-tools-for-stm32.12.3.rel1.win32_1.1.0.202410251130/tools/bin/../lib/gcc/arm-none-eabi/12.3.1/thumb/v7e-m+fp/hard/crtend.o
LOAD C:/ST/STM32CubeIDE_1.17.0/STM32CubeIDE/plugins/com.st.stm32cube.ide.mcu.externaltools.gnu-tools-for-stm32.12.3.rel1.win32_1.1.0.202410251130/tools/bin/../lib/gcc/arm-none-eabi/12.3.1/thumb/v7e-m+fp/hard/crtn.o
                0x20030000                        _estack = (ORIGIN (RAM) + LENGTH (RAM))
                0x00000200                        _Min_Heap_Size = 0x200
                0x00000400                        _Min_Stack_Size = 0x400

.isr_vector     0x08000000      0x1ac
                0x08000000                        . = ALIGN (0x4)
 *(.isr_vector)
 .isr_vector    0x08000000      0x1ac ./Core/Startup/startup_stm32f429zitx.o
                0x08000000                g_pfnVectors
                0x080001ac                        . = ALIGN (0x4)

.text           0x080001b0     0x7c68
                0x080001b0                        . = ALIGN (0x4)
 *(.text)
 .text          0x080001b0       0x40 C:/ST/STM32CubeIDE_1.17.0/STM32CubeIDE/plugins/com.st.stm32cube.ide.mcu.externaltools.gnu-tools-for-stm32.12.3.rel1.win32_1.1.0.202410251130/tools/bin/../lib/gcc/arm-none-eabi/12.3.1/thumb/v7e-m+fp/hard/crtbegin.o
 .text          0x080001f0       0xa0 C:/ST/STM32CubeIDE_1.17.0/STM32CubeIDE/plugins/com.st.stm32cube.ide.mcu.externaltools.gnu-tools-for-stm32.12.3.rel1.win32_1.1.0.202410251130/tools/bin/../lib/gcc/arm-none-eabi/12.3.1/../../../../arm-none-eabi/lib/thumb/v7e-m+fp/hard\libc_nano.a(libc_a-memchr.o)
                0x080001f0                memchr
 .text          0x08000290       0x30 C:/ST/STM32CubeIDE_1.17.0/STM32CubeIDE/plugins/com.st.stm32cube.ide.mcu.externaltools.gnu-tools-for-stm32.12.3.rel1.win32_1.1.0.202410251130/tools/bin/../lib/gcc/arm-none-eabi/12.3.1/thumb/v7e-m+fp/hard\libgcc.a(_aeabi_uldivmod.o)
                0x08000290                __aeabi_uldivmod
 .text          0x080002c0      0x2bc C:/ST/STM32CubeIDE_1.17.0/STM32CubeIDE/plugins/com.st.stm32cube.ide.mcu.externaltools.gnu-tools-for-stm32.12.3.rel1.win32_1.1.0.202410251130/tools/bin/../lib/gcc/arm-none-eabi/12.3.1/thumb/v7e-m+fp/hard\libgcc.a(_udivmoddi4.o)
                0x080002c0                __udivmoddi4
 .text          0x0800057c        0x4 C:/ST/STM32CubeIDE_1.17.0/STM32CubeIDE/plugins/com.st.stm32cube.ide.mcu.externaltools.gnu-tools-for-stm32.12.3.rel1.win32_1.1.0.202410251130/tools/bin/../lib/gcc/arm-none-eabi/12.3.1/thumb/v7e-m+fp/hard\libgcc.a(_dvmd_tls.o)
                0x0800057c                __aeabi_idiv0
                0x0800057c                __aeabi_ldiv0
 *(.text*)
 .text.MX_RNG_Init
                0x08000580       0x28 ./Core/Src/AI_Driver.o
                0x08000580                MX_RNG_Init
 .text.AI_GenerateColumn
                0x080005a8       0x3c ./Core/Src/AI_Driver.o
                0x080005a8                AI_GenerateColumn
 .text.ApplicationInit
                0x080005e4       0x30 ./Core/Src/ApplicationCode.o
                0x080005e4                ApplicationInit
 .text.resetBoard
                0x08000614        0xc ./Core/Src/ApplicationCode.o
                0x08000614                resetBoard
 .text.LCD_StartUp
                0x08000620        0xc ./Core/Src/ApplicationCode.o
                0x08000620                LCD_StartUp
 .text.startGamePolling
                0x0800062c        0xc ./Core/Src/ApplicationCode.o
                0x0800062c                startGamePolling
 .text.displayEndScreen
                0x08000638       0x28 ./Core/Src/ApplicationCode.o
                0x08000638                displayEndScreen
 .text.Error_Handler
                0x08000660        0xc ./Core/Src/ApplicationCode.o
                0x08000660                Error_Handler
 .text.EXTI0_IRQHandler
                0x0800066c       0x38 ./Core/Src/ApplicationCode.o
                0x0800066c                EXTI0_IRQHandler
 .text.Board_Reset
                0x080006a4       0x64 ./Core/Src/Board_Driver.o
                0x080006a4                Board_Reset
 .text.Board_GetisStillPlaying
                0x08000708       0x18 ./Core/Src/Board_Driver.o
                0x08000708                Board_GetisStillPlaying
 .text.Board_GetisPlayerBlue
                0x08000720       0x18 ./Core/Src/Board_Driver.o
                0x08000720                Board_GetisPlayerBlue
 .text.Board_SetHoveringPiece
                0x08000738       0x20 ./Core/Src/Board_Driver.o
                0x08000738                Board_SetHoveringPiece
 .text.Board_ShiftHoveringPieceRight
                0x08000758       0x34 ./Core/Src/Board_Driver.o
                0x08000758                Board_ShiftHoveringPieceRight
 .text.Board_ShiftHoveringPieceLeft
                0x0800078c       0x34 ./Core/Src/Board_Driver.o
                0x0800078c                Board_ShiftHoveringPieceLeft
 .text.Board_DropPiece
                0x080007c0      0x16c ./Core/Src/Board_Driver.o
                0x080007c0                Board_DropPiece
 .text.Board_PlayAIMove
                0x0800092c       0x8c ./Core/Src/Board_Driver.o
                0x0800092c                Board_PlayAIMove
 .text.Board_CheckForWin
                0x080009b8      0x39c ./Core/Src/Board_Driver.o
                0x080009b8                Board_CheckForWin
 .text.Board_CheckForTie
                0x08000d54       0x44 ./Core/Src/Board_Driver.o
                0x08000d54                Board_CheckForTie
 .text.Board_CheckEndCondition
                0x08000d98       0x3c ./Core/Src/Board_Driver.o
                0x08000d98                Board_CheckEndCondition
 .text.Board_PlayPolling
                0x08000dd4       0x80 ./Core/Src/Board_Driver.o
                0x08000dd4                Board_PlayPolling
 .text.LCD_GPIO_Init
                0x08000e54      0x190 ./Core/Src/LCD_Driver.o
                0x08000e54                LCD_GPIO_Init
 .text.LTCD_Layer_Init
                0x08000fe4       0x80 ./Core/Src/LCD_Driver.o
                0x08000fe4                LTCD_Layer_Init
 .text.LTCD__Init
                0x08001064       0xbc ./Core/Src/LCD_Driver.o
                0x08001064                LTCD__Init
 .text.LCD_Draw_Pixel
                0x08001120       0x3c ./Core/Src/LCD_Driver.o
                0x08001120                LCD_Draw_Pixel
 .text.LCD_Draw_Circle_Fill
                0x0800115c       0xe0 ./Core/Src/LCD_Driver.o
                0x0800115c                LCD_Draw_Circle_Fill
 .text.LCD_Clear
                0x0800123c       0x44 ./Core/Src/LCD_Driver.o
                0x0800123c                LCD_Clear
 .text.LCD_SetTextColor
                0x08001280       0x20 ./Core/Src/LCD_Driver.o
                0x08001280                LCD_SetTextColor
 .text.LCD_SetFont
                0x080012a0       0x20 ./Core/Src/LCD_Driver.o
                0x080012a0                LCD_SetFont
 .text.LCD_Draw_Char
                0x080012c0       0xdc ./Core/Src/LCD_Driver.o
                0x080012c0                LCD_Draw_Char
 .text.LCD_DisplayChar
                0x0800139c       0x44 ./Core/Src/LCD_Driver.o
                0x0800139c                LCD_DisplayChar
 .text.LCD_Error_Handler
                0x080013e0        0xc ./Core/Src/LCD_Driver.o
                0x080013e0                LCD_Error_Handler
 .text.InitializeLCDTouch
                0x080013ec       0x16 ./Core/Src/LCD_Driver.o
                0x080013ec                InitializeLCDTouch
 .text.returnTouchStateAndLocation
                0x08001402       0x18 ./Core/Src/LCD_Driver.o
                0x08001402                returnTouchStateAndLocation
 *fill*         0x0800141a        0x2 
 .text.Screen_OpenStartupScreen
                0x0800141c      0x1e0 ./Core/Src/Screen_Driver.o
                0x0800141c                Screen_OpenStartupScreen
 .text.Screen_OpenPlayScreen
                0x080015fc       0x74 ./Core/Src/Screen_Driver.o
                0x080015fc                Screen_OpenPlayScreen
 .text.Screen_OpenEndScreen
                0x08001670      0x2ac ./Core/Src/Screen_Driver.o
                0x08001670                Screen_OpenEndScreen
 .text.Screen_DisplayPlayAgainButton
                0x0800191c       0xd0 ./Core/Src/Screen_Driver.o
                0x0800191c                Screen_DisplayPlayAgainButton
 .text.Screen_DisplayHoveringPiece
                0x080019ec       0x48 ./Core/Src/Screen_Driver.o
                0x080019ec                Screen_DisplayHoveringPiece
 .text.Screen_MoveHoveringPieceLeft
                0x08001a34       0x48 ./Core/Src/Screen_Driver.o
                0x08001a34                Screen_MoveHoveringPieceLeft
 .text.Screen_MoveHoveringPieceRight
                0x08001a7c       0x48 ./Core/Src/Screen_Driver.o
                0x08001a7c                Screen_MoveHoveringPieceRight
 .text.Screen_DrawPiece
                0x08001ac4       0x3c ./Core/Src/Screen_Driver.o
                0x08001ac4                Screen_DrawPiece
 .text.Screen_RowToCoords
                0x08001b00       0x5c ./Core/Src/Screen_Driver.o
                0x08001b00                Screen_RowToCoords
 .text.Screen_ColumnToCoords
                0x08001b5c       0x60 ./Core/Src/Screen_Driver.o
                0x08001b5c                Screen_ColumnToCoords
 .text.Screen_GetisOnePlayer
                0x08001bbc       0x18 ./Core/Src/Screen_Driver.o
                0x08001bbc                Screen_GetisOnePlayer
 .text.Screen_GetPTouchData
                0x08001bd4       0x14 ./Core/Src/Screen_Driver.o
                0x08001bd4                Screen_GetPTouchData
 .text.ili9341_Init
                0x08001be8      0x294 ./Core/Src/ili9341.o
                0x08001be8                ili9341_Init
 .text.ili9341_Write_Reg
                0x08001e7c       0x1a ./Core/Src/ili9341.o
                0x08001e7c                ili9341_Write_Reg
 .text.ili9341_Send_Data
                0x08001e96       0x1a ./Core/Src/ili9341.o
                0x08001e96                ili9341_Send_Data
 .text.SPI_Init
                0x08001eb0       0x74 ./Core/Src/ili9341.o
 .text.SPI_Write
                0x08001f24       0x3c ./Core/Src/ili9341.o
 .text.SPI_Error
                0x08001f60       0x18 ./Core/Src/ili9341.o
 .text.SPI_MspInit
                0x08001f78       0x74 ./Core/Src/ili9341.o
 .text.LCD_IO_Init
                0x08001fec       0xf0 ./Core/Src/ili9341.o
                0x08001fec                LCD_IO_Init
 .text.LCD_IO_WriteData
                0x080020dc       0x44 ./Core/Src/ili9341.o
                0x080020dc                LCD_IO_WriteData
 .text.LCD_IO_WriteReg
                0x08002120       0x44 ./Core/Src/ili9341.o
                0x08002120                LCD_IO_WriteReg
 .text.LCD_Delay
                0x08002164       0x16 ./Core/Src/ili9341.o
                0x08002164                LCD_Delay
 .text.main     0x0800217a       0x3c ./Core/Src/main.o
                0x0800217a                main
 *fill*         0x080021b6        0x2 
 .text.SystemClock_Config
                0x080021b8       0xd4 ./Core/Src/main.o
                0x080021b8                SystemClock_Config
 .text.MX_I2C3_Init
                0x0800228c       0x80 ./Core/Src/main.o
 .text.MX_LTDC_Init
                0x0800230c      0x164 ./Core/Src/main.o
 .text.MX_SPI5_Init
                0x08002470       0x6c ./Core/Src/main.o
 .text.MX_TIM2_Init
                0x080024dc       0xa0 ./Core/Src/main.o
 .text.MX_GPIO_Init
                0x0800257c      0x398 ./Core/Src/main.o
 .text.HAL_MspInit
                0x08002914       0x50 ./Core/Src/stm32f4xx_hal_msp.o
                0x08002914                HAL_MspInit
 .text.HAL_I2C_MspInit
                0x08002964       0xd4 ./Core/Src/stm32f4xx_hal_msp.o
                0x08002964                HAL_I2C_MspInit
 .text.HAL_LTDC_MspInit
                0x08002a38      0x250 ./Core/Src/stm32f4xx_hal_msp.o
                0x08002a38                HAL_LTDC_MspInit
 .text.HAL_RNG_MspInit
                0x08002c88       0x44 ./Core/Src/stm32f4xx_hal_msp.o
                0x08002c88                HAL_RNG_MspInit
 .text.HAL_SPI_MspInit
                0x08002ccc       0x90 ./Core/Src/stm32f4xx_hal_msp.o
                0x08002ccc                HAL_SPI_MspInit
 .text.HAL_SPI_MspDeInit
                0x08002d5c       0x3c ./Core/Src/stm32f4xx_hal_msp.o
                0x08002d5c                HAL_SPI_MspDeInit
 .text.HAL_TIM_Base_MspInit
                0x08002d98       0x40 ./Core/Src/stm32f4xx_hal_msp.o
                0x08002d98                HAL_TIM_Base_MspInit
 .text.NMI_Handler
                0x08002dd8        0x8 ./Core/Src/stm32f4xx_it.o
                0x08002dd8                NMI_Handler
 .text.HardFault_Handler
                0x08002de0        0x8 ./Core/Src/stm32f4xx_it.o
                0x08002de0                HardFault_Handler
 .text.MemManage_Handler
                0x08002de8        0x8 ./Core/Src/stm32f4xx_it.o
                0x08002de8                MemManage_Handler
 .text.BusFault_Handler
                0x08002df0        0x8 ./Core/Src/stm32f4xx_it.o
                0x08002df0                BusFault_Handler
 .text.UsageFault_Handler
                0x08002df8        0x8 ./Core/Src/stm32f4xx_it.o
                0x08002df8                UsageFault_Handler
 .text.SVC_Handler
                0x08002e00        0xe ./Core/Src/stm32f4xx_it.o
                0x08002e00                SVC_Handler
 .text.DebugMon_Handler
                0x08002e0e        0xe ./Core/Src/stm32f4xx_it.o
                0x08002e0e                DebugMon_Handler
 .text.PendSV_Handler
                0x08002e1c        0xe ./Core/Src/stm32f4xx_it.o
                0x08002e1c                PendSV_Handler
 .text.SysTick_Handler
                0x08002e2a        0xc ./Core/Src/stm32f4xx_it.o
                0x08002e2a                SysTick_Handler
 .text.STMPE811_Init
                0x08002e36      0x14e ./Core/Src/stmpe811.o
                0x08002e36                STMPE811_Init
 .text.STMPE811_Read
                0x08002f84       0x22 ./Core/Src/stmpe811.o
                0x08002f84                STMPE811_Read
 .text.STMPE811_ReadTouch
                0x08002fa6      0x198 ./Core/Src/stmpe811.o
                0x08002fa6                STMPE811_ReadTouch
 *fill*         0x0800313e        0x2 
 .text.verifyHAL_I2C_IS_OKAY
                0x08003140       0x20 ./Core/Src/stmpe811.o
                0x08003140                verifyHAL_I2C_IS_OKAY
 .text.I2C3_Init
                0x08003160       0x7c ./Core/Src/stmpe811.o
 .text.I2C3_MspInit
                0x080031dc       0xa8 ./Core/Src/stmpe811.o
 .text.I2C3_Write
                0x08003284       0x54 ./Core/Src/stmpe811.o
                0x08003284                I2C3_Write
 .text.I2C3_Read
                0x080032d8       0x4c ./Core/Src/stmpe811.o
                0x080032d8                I2C3_Read
 .text.I2C3_MulitByteRead
                0x08003324       0x44 ./Core/Src/stmpe811.o
                0x08003324                I2C3_MulitByteRead
 .text.TM_STMPE811_ReadX
                0x08003368       0xbc ./Core/Src/stmpe811.o
                0x08003368                TM_STMPE811_ReadX
 .text.TM_STMPE811_ReadY
                0x08003424       0xa4 ./Core/Src/stmpe811.o
                0x08003424                TM_STMPE811_ReadY
 .text.initialise_monitor_handles
                0x080034c8        0xe ./Core/Src/syscalls.o
                0x080034c8                initialise_monitor_handles
 .text._read    0x080034d6       0x3a ./Core/Src/syscalls.o
                0x080034d6                _read
 .text._write   0x08003510       0x38 ./Core/Src/syscalls.o
                0x08003510                _write
 .text._close   0x08003548       0x18 ./Core/Src/syscalls.o
                0x08003548                _close
 .text._fstat   0x08003560       0x20 ./Core/Src/syscalls.o
                0x08003560                _fstat
 .text._isatty  0x08003580       0x16 ./Core/Src/syscalls.o
                0x08003580                _isatty
 .text._lseek   0x08003596       0x1a ./Core/Src/syscalls.o
                0x08003596                _lseek
 .text._sbrk    0x080035b0       0x6c ./Core/Src/sysmem.o
                0x080035b0                _sbrk
 .text.SystemInit
                0x0800361c       0x24 ./Core/Src/system_stm32f4xx.o
                0x0800361c                SystemInit
 .text.Reset_Handler
                0x08003640       0x50 ./Core/Startup/startup_stm32f429zitx.o
                0x08003640                Reset_Handler
 .text.Default_Handler
                0x08003690        0x2 ./Core/Startup/startup_stm32f429zitx.o
                0x08003690                RTC_Alarm_IRQHandler
                0x08003690                HASH_RNG_IRQHandler
                0x08003690                EXTI2_IRQHandler
                0x08003690                TIM8_CC_IRQHandler
                0x08003690                UART8_IRQHandler
                0x08003690                SPI4_IRQHandler
                0x08003690                TIM1_CC_IRQHandler
                0x08003690                DMA2_Stream5_IRQHandler
                0x08003690                DMA1_Stream5_IRQHandler
                0x08003690                PVD_IRQHandler
                0x08003690                SDIO_IRQHandler
                0x08003690                TAMP_STAMP_IRQHandler
                0x08003690                CAN2_RX1_IRQHandler
                0x08003690                EXTI3_IRQHandler
                0x08003690                TIM8_TRG_COM_TIM14_IRQHandler
                0x08003690                TIM1_UP_TIM10_IRQHandler
                0x08003690                TIM8_UP_TIM13_IRQHandler
                0x08003690                I2C3_ER_IRQHandler
                0x08003690                I2C2_EV_IRQHandler
                0x08003690                DMA1_Stream2_IRQHandler
                0x08003690                CAN1_RX0_IRQHandler
                0x08003690                FPU_IRQHandler
                0x08003690                OTG_HS_WKUP_IRQHandler
                0x08003690                LTDC_ER_IRQHandler
                0x08003690                CAN2_SCE_IRQHandler
                0x08003690                DMA2_Stream2_IRQHandler
                0x08003690                SPI1_IRQHandler
                0x08003690                TIM6_DAC_IRQHandler
                0x08003690                TIM1_BRK_TIM9_IRQHandler
                0x08003690                DCMI_IRQHandler
                0x08003690                CAN2_RX0_IRQHandler
                0x08003690                DMA2_Stream3_IRQHandler
                0x08003690                USART6_IRQHandler
                0x08003690                USART3_IRQHandler
                0x08003690                CAN1_RX1_IRQHandler
                0x08003690                UART5_IRQHandler
                0x08003690                DMA2_Stream0_IRQHandler
                0x08003690                TIM4_IRQHandler
                0x08003690                I2C1_EV_IRQHandler
                0x08003690                DMA1_Stream6_IRQHandler
                0x08003690                DMA1_Stream1_IRQHandler
                0x08003690                UART4_IRQHandler
                0x08003690                TIM3_IRQHandler
                0x08003690                RCC_IRQHandler
                0x08003690                TIM8_BRK_TIM12_IRQHandler
                0x08003690                Default_Handler
                0x08003690                EXTI15_10_IRQHandler
                0x08003690                ADC_IRQHandler
                0x08003690                DMA1_Stream7_IRQHandler
                0x08003690                SPI5_IRQHandler
                0x08003690                TIM7_IRQHandler
                0x08003690                CAN2_TX_IRQHandler
                0x08003690                TIM5_IRQHandler
                0x08003690                DMA2_Stream7_IRQHandler
                0x08003690                I2C3_EV_IRQHandler
                0x08003690                EXTI9_5_IRQHandler
                0x08003690                RTC_WKUP_IRQHandler
                0x08003690                LTDC_IRQHandler
                0x08003690                ETH_WKUP_IRQHandler
                0x08003690                SPI2_IRQHandler
                0x08003690                OTG_HS_EP1_IN_IRQHandler
                0x08003690                DMA1_Stream0_IRQHandler
                0x08003690                CAN1_TX_IRQHandler
                0x08003690                EXTI4_IRQHandler
                0x08003690                ETH_IRQHandler
                0x08003690                OTG_HS_EP1_OUT_IRQHandler
                0x08003690                WWDG_IRQHandler
                0x08003690                SPI6_IRQHandler
                0x08003690                TIM2_IRQHandler
                0x08003690                OTG_FS_WKUP_IRQHandler
                0x08003690                TIM1_TRG_COM_TIM11_IRQHandler
                0x08003690                OTG_HS_IRQHandler
                0x08003690                DMA2D_IRQHandler
                0x08003690                EXTI1_IRQHandler
                0x08003690                UART7_IRQHandler
                0x08003690                USART2_IRQHandler
                0x08003690                I2C2_ER_IRQHandler
                0x08003690                DMA2_Stream1_IRQHandler
                0x08003690                CAN1_SCE_IRQHandler
                0x08003690                FLASH_IRQHandler
                0x08003690                DMA2_Stream4_IRQHandler
                0x08003690                USART1_IRQHandler
                0x08003690                OTG_FS_IRQHandler
                0x08003690                SPI3_IRQHandler
                0x08003690                DMA1_Stream4_IRQHandler
                0x08003690                I2C1_ER_IRQHandler
                0x08003690                FMC_IRQHandler
                0x08003690                DMA2_Stream6_IRQHandler
                0x08003690                SAI1_IRQHandler
                0x08003690                DMA1_Stream3_IRQHandler
 *fill*         0x08003692        0x2 
 .text.HAL_Init
                0x08003694       0x44 ./Drivers/STM32F4xx_HAL_Driver/Src/stm32f4xx_hal.o
                0x08003694                HAL_Init
 .text.HAL_InitTick
                0x080036d8       0x60 ./Drivers/STM32F4xx_HAL_Driver/Src/stm32f4xx_hal.o
                0x080036d8                HAL_InitTick
 .text.HAL_IncTick
                0x08003738       0x28 ./Drivers/STM32F4xx_HAL_Driver/Src/stm32f4xx_hal.o
                0x08003738                HAL_IncTick
 .text.HAL_GetTick
                0x08003760       0x18 ./Drivers/STM32F4xx_HAL_Driver/Src/stm32f4xx_hal.o
                0x08003760                HAL_GetTick
 .text.HAL_Delay
                0x08003778       0x48 ./Drivers/STM32F4xx_HAL_Driver/Src/stm32f4xx_hal.o
                0x08003778                HAL_Delay
 .text.__NVIC_SetPriorityGrouping
                0x080037c0       0x48 ./Drivers/STM32F4xx_HAL_Driver/Src/stm32f4xx_hal_cortex.o
 .text.__NVIC_GetPriorityGrouping
                0x08003808       0x1c ./Drivers/STM32F4xx_HAL_Driver/Src/stm32f4xx_hal_cortex.o
 .text.__NVIC_EnableIRQ
                0x08003824       0x3c ./Drivers/STM32F4xx_HAL_Driver/Src/stm32f4xx_hal_cortex.o
 .text.__NVIC_DisableIRQ
                0x08003860       0x48 ./Drivers/STM32F4xx_HAL_Driver/Src/stm32f4xx_hal_cortex.o
 .text.__NVIC_SetPriority
                0x080038a8       0x54 ./Drivers/STM32F4xx_HAL_Driver/Src/stm32f4xx_hal_cortex.o
 .text.NVIC_EncodePriority
                0x080038fc       0x66 ./Drivers/STM32F4xx_HAL_Driver/Src/stm32f4xx_hal_cortex.o
 *fill*         0x08003962        0x2 
 .text.SysTick_Config
                0x08003964       0x44 ./Drivers/STM32F4xx_HAL_Driver/Src/stm32f4xx_hal_cortex.o
 .text.HAL_NVIC_SetPriorityGrouping
                0x080039a8       0x16 ./Drivers/STM32F4xx_HAL_Driver/Src/stm32f4xx_hal_cortex.o
                0x080039a8                HAL_NVIC_SetPriorityGrouping
 .text.HAL_NVIC_SetPriority
                0x080039be       0x38 ./Drivers/STM32F4xx_HAL_Driver/Src/stm32f4xx_hal_cortex.o
                0x080039be                HAL_NVIC_SetPriority
 .text.HAL_NVIC_EnableIRQ
                0x080039f6       0x1c ./Drivers/STM32F4xx_HAL_Driver/Src/stm32f4xx_hal_cortex.o
                0x080039f6                HAL_NVIC_EnableIRQ
 .text.HAL_NVIC_DisableIRQ
                0x08003a12       0x1c ./Drivers/STM32F4xx_HAL_Driver/Src/stm32f4xx_hal_cortex.o
                0x08003a12                HAL_NVIC_DisableIRQ
 .text.HAL_SYSTICK_Config
                0x08003a2e       0x18 ./Drivers/STM32F4xx_HAL_Driver/Src/stm32f4xx_hal_cortex.o
                0x08003a2e                HAL_SYSTICK_Config
 *fill*         0x08003a46        0x2 
 .text.HAL_EXTI_ClearPending
                0x08003a48       0x30 ./Drivers/STM32F4xx_HAL_Driver/Src/stm32f4xx_hal_exti.o
                0x08003a48                HAL_EXTI_ClearPending
 .text.HAL_GPIO_Init
                0x08003a78      0x358 ./Drivers/STM32F4xx_HAL_Driver/Src/stm32f4xx_hal_gpio.o
                0x08003a78                HAL_GPIO_Init
 .text.HAL_GPIO_DeInit
                0x08003dd0      0x218 ./Drivers/STM32F4xx_HAL_Driver/Src/stm32f4xx_hal_gpio.o
                0x08003dd0                HAL_GPIO_DeInit
 .text.HAL_GPIO_WritePin
                0x08003fe8       0x32 ./Drivers/STM32F4xx_HAL_Driver/Src/stm32f4xx_hal_gpio.o
                0x08003fe8                HAL_GPIO_WritePin
 *fill*         0x0800401a        0x2 
 .text.HAL_I2C_Init
                0x0800401c      0x288 ./Drivers/STM32F4xx_HAL_Driver/Src/stm32f4xx_hal_i2c.o
                0x0800401c                HAL_I2C_Init
 .text.HAL_I2C_Mem_Write
                0x080042a4      0x1f4 ./Drivers/STM32F4xx_HAL_Driver/Src/stm32f4xx_hal_i2c.o
                0x080042a4                HAL_I2C_Mem_Write
 .text.HAL_I2C_Mem_Read
                0x08004498      0x464 ./Drivers/STM32F4xx_HAL_Driver/Src/stm32f4xx_hal_i2c.o
                0x08004498                HAL_I2C_Mem_Read
 .text.I2C_RequestMemoryWrite
                0x080048fc      0x12c ./Drivers/STM32F4xx_HAL_Driver/Src/stm32f4xx_hal_i2c.o
 .text.I2C_RequestMemoryRead
                0x08004a28      0x1d0 ./Drivers/STM32F4xx_HAL_Driver/Src/stm32f4xx_hal_i2c.o
 .text.I2C_WaitOnFlagUntilTimeout
                0x08004bf8       0xf4 ./Drivers/STM32F4xx_HAL_Driver/Src/stm32f4xx_hal_i2c.o
 .text.I2C_WaitOnMasterAddressFlagUntilTimeout
                0x08004cec      0x140 ./Drivers/STM32F4xx_HAL_Driver/Src/stm32f4xx_hal_i2c.o
 .text.I2C_WaitOnTXEFlagUntilTimeout
                0x08004e2c       0x90 ./Drivers/STM32F4xx_HAL_Driver/Src/stm32f4xx_hal_i2c.o
 .text.I2C_WaitOnBTFFlagUntilTimeout
                0x08004ebc       0x90 ./Drivers/STM32F4xx_HAL_Driver/Src/stm32f4xx_hal_i2c.o
 .text.I2C_WaitOnRXNEFlagUntilTimeout
                0x08004f4c       0xba ./Drivers/STM32F4xx_HAL_Driver/Src/stm32f4xx_hal_i2c.o
 .text.I2C_IsAcknowledgeFailed
                0x08005006       0x5e ./Drivers/STM32F4xx_HAL_Driver/Src/stm32f4xx_hal_i2c.o
 .text.HAL_I2CEx_ConfigAnalogFilter
                0x08005064       0x78 ./Drivers/STM32F4xx_HAL_Driver/Src/stm32f4xx_hal_i2c_ex.o
                0x08005064                HAL_I2CEx_ConfigAnalogFilter
 .text.HAL_I2CEx_ConfigDigitalFilter
                0x080050dc       0x7e ./Drivers/STM32F4xx_HAL_Driver/Src/stm32f4xx_hal_i2c_ex.o
                0x080050dc                HAL_I2CEx_ConfigDigitalFilter
 *fill*         0x0800515a        0x2 
 .text.HAL_LTDC_Init
                0x0800515c      0x1a0 ./Drivers/STM32F4xx_HAL_Driver/Src/stm32f4xx_hal_ltdc.o
                0x0800515c                HAL_LTDC_Init
 .text.HAL_LTDC_ConfigLayer
                0x080052fc       0x7c ./Drivers/STM32F4xx_HAL_Driver/Src/stm32f4xx_hal_ltdc.o
                0x080052fc                HAL_LTDC_ConfigLayer
 .text.LTDC_SetConfig
                0x08005378      0x32e ./Drivers/STM32F4xx_HAL_Driver/Src/stm32f4xx_hal_ltdc.o
 *fill*         0x080056a6        0x2 
 .text.HAL_RCC_OscConfig
                0x080056a8      0x4f0 ./Drivers/STM32F4xx_HAL_Driver/Src/stm32f4xx_hal_rcc.o
                0x080056a8                HAL_RCC_OscConfig
 .text.HAL_RCC_ClockConfig
                0x08005b98      0x1cc ./Drivers/STM32F4xx_HAL_Driver/Src/stm32f4xx_hal_rcc.o
                0x08005b98                HAL_RCC_ClockConfig
 .text.HAL_RCC_GetSysClockFreq
                0x08005d64      0x20c ./Drivers/STM32F4xx_HAL_Driver/Src/stm32f4xx_hal_rcc.o
                0x08005d64                HAL_RCC_GetSysClockFreq
 .text.HAL_RCC_GetHCLKFreq
                0x08005f70       0x18 ./Drivers/STM32F4xx_HAL_Driver/Src/stm32f4xx_hal_rcc.o
                0x08005f70                HAL_RCC_GetHCLKFreq
 .text.HAL_RCC_GetPCLK1Freq
                0x08005f88       0x28 ./Drivers/STM32F4xx_HAL_Driver/Src/stm32f4xx_hal_rcc.o
                0x08005f88                HAL_RCC_GetPCLK1Freq
 .text.HAL_RCCEx_PeriphCLKConfig
                0x08005fb0      0x380 ./Drivers/STM32F4xx_HAL_Driver/Src/stm32f4xx_hal_rcc_ex.o
                0x08005fb0                HAL_RCCEx_PeriphCLKConfig
 .text.HAL_RNG_Init
                0x08006330       0x54 ./Drivers/STM32F4xx_HAL_Driver/Src/stm32f4xx_hal_rng.o
                0x08006330                HAL_RNG_Init
 .text.HAL_RNG_GenerateRandomNumber
                0x08006384       0xac ./Drivers/STM32F4xx_HAL_Driver/Src/stm32f4xx_hal_rng.o
                0x08006384                HAL_RNG_GenerateRandomNumber
 .text.HAL_SPI_Init
                0x08006430      0x112 ./Drivers/STM32F4xx_HAL_Driver/Src/stm32f4xx_hal_spi.o
                0x08006430                HAL_SPI_Init
 .text.HAL_SPI_DeInit
                0x08006542       0x50 ./Drivers/STM32F4xx_HAL_Driver/Src/stm32f4xx_hal_spi.o
                0x08006542                HAL_SPI_DeInit
 .text.HAL_SPI_Transmit
                0x08006592      0x288 ./Drivers/STM32F4xx_HAL_Driver/Src/stm32f4xx_hal_spi.o
                0x08006592                HAL_SPI_Transmit
 .text.HAL_SPI_GetState
                0x0800681a       0x1c ./Drivers/STM32F4xx_HAL_Driver/Src/stm32f4xx_hal_spi.o
                0x0800681a                HAL_SPI_GetState
 *fill*         0x08006836        0x2 
 .text.SPI_WaitFlagStateUntilTimeout
                0x08006838      0x110 ./Drivers/STM32F4xx_HAL_Driver/Src/stm32f4xx_hal_spi.o
 .text.SPI_EndRxTxTransaction
                0x08006948       0xa8 ./Drivers/STM32F4xx_HAL_Driver/Src/stm32f4xx_hal_spi.o
 .text.HAL_TIM_Base_Init
                0x080069f0       0x9e ./Drivers/STM32F4xx_HAL_Driver/Src/stm32f4xx_hal_tim.o
                0x080069f0                HAL_TIM_Base_Init
 .text.HAL_TIM_ConfigClockSource
                0x08006a8e      0x18e ./Drivers/STM32F4xx_HAL_Driver/Src/stm32f4xx_hal_tim.o
                0x08006a8e                HAL_TIM_ConfigClockSource
 .text.TIM_Base_SetConfig
                0x08006c1c      0x158 ./Drivers/STM32F4xx_HAL_Driver/Src/stm32f4xx_hal_tim.o
                0x08006c1c                TIM_Base_SetConfig
 .text.TIM_TI1_ConfigInputStage
                0x08006d74       0x5e ./Drivers/STM32F4xx_HAL_Driver/Src/stm32f4xx_hal_tim.o
 .text.TIM_TI2_ConfigInputStage
                0x08006dd2       0x60 ./Drivers/STM32F4xx_HAL_Driver/Src/stm32f4xx_hal_tim.o
 .text.TIM_ITRx_SetConfig
                0x08006e32       0x36 ./Drivers/STM32F4xx_HAL_Driver/Src/stm32f4xx_hal_tim.o
 .text.TIM_ETR_SetConfig
                0x08006e68       0x40 ./Drivers/STM32F4xx_HAL_Driver/Src/stm32f4xx_hal_tim.o
                0x08006e68                TIM_ETR_SetConfig
 .text.HAL_TIMEx_MasterConfigSynchronization
                0x08006ea8       0xf8 ./Drivers/STM32F4xx_HAL_Driver/Src/stm32f4xx_hal_tim_ex.o
                0x08006ea8                HAL_TIMEx_MasterConfigSynchronization
 .text.std      0x08006fa0       0x6c C:/ST/STM32CubeIDE_1.17.0/STM32CubeIDE/plugins/com.st.stm32cube.ide.mcu.externaltools.gnu-tools-for-stm32.12.3.rel1.win32_1.1.0.202410251130/tools/bin/../lib/gcc/arm-none-eabi/12.3.1/../../../../arm-none-eabi/lib/thumb/v7e-m+fp/hard\libc_nano.a(libc_a-findfp.o)
 .text.stdio_exit_handler
                0x0800700c       0x18 C:/ST/STM32CubeIDE_1.17.0/STM32CubeIDE/plugins/com.st.stm32cube.ide.mcu.externaltools.gnu-tools-for-stm32.12.3.rel1.win32_1.1.0.202410251130/tools/bin/../lib/gcc/arm-none-eabi/12.3.1/../../../../arm-none-eabi/lib/thumb/v7e-m+fp/hard\libc_nano.a(libc_a-findfp.o)
 .text.cleanup_stdio
                0x08007024       0x40 C:/ST/STM32CubeIDE_1.17.0/STM32CubeIDE/plugins/com.st.stm32cube.ide.mcu.externaltools.gnu-tools-for-stm32.12.3.rel1.win32_1.1.0.202410251130/tools/bin/../lib/gcc/arm-none-eabi/12.3.1/../../../../arm-none-eabi/lib/thumb/v7e-m+fp/hard\libc_nano.a(libc_a-findfp.o)
 .text.global_stdio_init.part.0
                0x08007064       0x3c C:/ST/STM32CubeIDE_1.17.0/STM32CubeIDE/plugins/com.st.stm32cube.ide.mcu.externaltools.gnu-tools-for-stm32.12.3.rel1.win32_1.1.0.202410251130/tools/bin/../lib/gcc/arm-none-eabi/12.3.1/../../../../arm-none-eabi/lib/thumb/v7e-m+fp/hard\libc_nano.a(libc_a-findfp.o)
 .text.__sfp_lock_acquire
                0x080070a0        0xc C:/ST/STM32CubeIDE_1.17.0/STM32CubeIDE/plugins/com.st.stm32cube.ide.mcu.externaltools.gnu-tools-for-stm32.12.3.rel1.win32_1.1.0.202410251130/tools/bin/../lib/gcc/arm-none-eabi/12.3.1/../../../../arm-none-eabi/lib/thumb/v7e-m+fp/hard\libc_nano.a(libc_a-findfp.o)
                0x080070a0                __sfp_lock_acquire
 .text.__sfp_lock_release
                0x080070ac        0xc C:/ST/STM32CubeIDE_1.17.0/STM32CubeIDE/plugins/com.st.stm32cube.ide.mcu.externaltools.gnu-tools-for-stm32.12.3.rel1.win32_1.1.0.202410251130/tools/bin/../lib/gcc/arm-none-eabi/12.3.1/../../../../arm-none-eabi/lib/thumb/v7e-m+fp/hard\libc_nano.a(libc_a-findfp.o)
                0x080070ac                __sfp_lock_release
 .text.__sinit  0x080070b8       0x30 C:/ST/STM32CubeIDE_1.17.0/STM32CubeIDE/plugins/com.st.stm32cube.ide.mcu.externaltools.gnu-tools-for-stm32.12.3.rel1.win32_1.1.0.202410251130/tools/bin/../lib/gcc/arm-none-eabi/12.3.1/../../../../arm-none-eabi/lib/thumb/v7e-m+fp/hard\libc_nano.a(libc_a-findfp.o)
                0x080070b8                __sinit
 .text._fwalk_sglue
                0x080070e8       0x3c C:/ST/STM32CubeIDE_1.17.0/STM32CubeIDE/plugins/com.st.stm32cube.ide.mcu.externaltools.gnu-tools-for-stm32.12.3.rel1.win32_1.1.0.202410251130/tools/bin/../lib/gcc/arm-none-eabi/12.3.1/../../../../arm-none-eabi/lib/thumb/v7e-m+fp/hard\libc_nano.a(libc_a-fwalk.o)
                0x080070e8                _fwalk_sglue
 .text.printf   0x08007124       0x24 C:/ST/STM32CubeIDE_1.17.0/STM32CubeIDE/plugins/com.st.stm32cube.ide.mcu.externaltools.gnu-tools-for-stm32.12.3.rel1.win32_1.1.0.202410251130/tools/bin/../lib/gcc/arm-none-eabi/12.3.1/../../../../arm-none-eabi/lib/thumb/v7e-m+fp/hard\libc_nano.a(libc_a-printf.o)
                0x08007124                iprintf
                0x08007124                printf
 .text.__sread  0x08007148       0x22 C:/ST/STM32CubeIDE_1.17.0/STM32CubeIDE/plugins/com.st.stm32cube.ide.mcu.externaltools.gnu-tools-for-stm32.12.3.rel1.win32_1.1.0.202410251130/tools/bin/../lib/gcc/arm-none-eabi/12.3.1/../../../../arm-none-eabi/lib/thumb/v7e-m+fp/hard\libc_nano.a(libc_a-stdio.o)
                0x08007148                __sread
 .text.__swrite
                0x0800716a       0x38 C:/ST/STM32CubeIDE_1.17.0/STM32CubeIDE/plugins/com.st.stm32cube.ide.mcu.externaltools.gnu-tools-for-stm32.12.3.rel1.win32_1.1.0.202410251130/tools/bin/../lib/gcc/arm-none-eabi/12.3.1/../../../../arm-none-eabi/lib/thumb/v7e-m+fp/hard\libc_nano.a(libc_a-stdio.o)
                0x0800716a                __swrite
 .text.__sseek  0x080071a2       0x24 C:/ST/STM32CubeIDE_1.17.0/STM32CubeIDE/plugins/com.st.stm32cube.ide.mcu.externaltools.gnu-tools-for-stm32.12.3.rel1.win32_1.1.0.202410251130/tools/bin/../lib/gcc/arm-none-eabi/12.3.1/../../../../arm-none-eabi/lib/thumb/v7e-m+fp/hard\libc_nano.a(libc_a-stdio.o)
                0x080071a2                __sseek
 .text.__sclose
                0x080071c6        0x8 C:/ST/STM32CubeIDE_1.17.0/STM32CubeIDE/plugins/com.st.stm32cube.ide.mcu.externaltools.gnu-tools-for-stm32.12.3.rel1.win32_1.1.0.202410251130/tools/bin/../lib/gcc/arm-none-eabi/12.3.1/../../../../arm-none-eabi/lib/thumb/v7e-m+fp/hard\libc_nano.a(libc_a-stdio.o)
                0x080071c6                __sclose
 .text.__swbuf_r
                0x080071ce       0x7c C:/ST/STM32CubeIDE_1.17.0/STM32CubeIDE/plugins/com.st.stm32cube.ide.mcu.externaltools.gnu-tools-for-stm32.12.3.rel1.win32_1.1.0.202410251130/tools/bin/../lib/gcc/arm-none-eabi/12.3.1/../../../../arm-none-eabi/lib/thumb/v7e-m+fp/hard\libc_nano.a(libc_a-wbuf.o)
                0x080071ce                __swbuf_r
 *fill*         0x0800724a        0x2 
 .text.__swsetup_r
                0x0800724c       0xac C:/ST/STM32CubeIDE_1.17.0/STM32CubeIDE/plugins/com.st.stm32cube.ide.mcu.externaltools.gnu-tools-for-stm32.12.3.rel1.win32_1.1.0.202410251130/tools/bin/../lib/gcc/arm-none-eabi/12.3.1/../../../../arm-none-eabi/lib/thumb/v7e-m+fp/hard\libc_nano.a(libc_a-wsetup.o)
                0x0800724c                __swsetup_r
 .text.memset   0x080072f8       0x10 C:/ST/STM32CubeIDE_1.17.0/STM32CubeIDE/plugins/com.st.stm32cube.ide.mcu.externaltools.gnu-tools-for-stm32.12.3.rel1.win32_1.1.0.202410251130/tools/bin/../lib/gcc/arm-none-eabi/12.3.1/../../../../arm-none-eabi/lib/thumb/v7e-m+fp/hard\libc_nano.a(libc_a-memset.o)
                0x080072f8                memset
 .text._close_r
                0x08007308       0x20 C:/ST/STM32CubeIDE_1.17.0/STM32CubeIDE/plugins/com.st.stm32cube.ide.mcu.externaltools.gnu-tools-for-stm32.12.3.rel1.win32_1.1.0.202410251130/tools/bin/../lib/gcc/arm-none-eabi/12.3.1/../../../../arm-none-eabi/lib/thumb/v7e-m+fp/hard\libc_nano.a(libc_a-closer.o)
                0x08007308                _close_r
 .text._lseek_r
                0x08007328       0x24 C:/ST/STM32CubeIDE_1.17.0/STM32CubeIDE/plugins/com.st.stm32cube.ide.mcu.externaltools.gnu-tools-for-stm32.12.3.rel1.win32_1.1.0.202410251130/tools/bin/../lib/gcc/arm-none-eabi/12.3.1/../../../../arm-none-eabi/lib/thumb/v7e-m+fp/hard\libc_nano.a(libc_a-lseekr.o)
                0x08007328                _lseek_r
 .text._read_r  0x0800734c       0x24 C:/ST/STM32CubeIDE_1.17.0/STM32CubeIDE/plugins/com.st.stm32cube.ide.mcu.externaltools.gnu-tools-for-stm32.12.3.rel1.win32_1.1.0.202410251130/tools/bin/../lib/gcc/arm-none-eabi/12.3.1/../../../../arm-none-eabi/lib/thumb/v7e-m+fp/hard\libc_nano.a(libc_a-readr.o)
                0x0800734c                _read_r
 .text._write_r
                0x08007370       0x24 C:/ST/STM32CubeIDE_1.17.0/STM32CubeIDE/plugins/com.st.stm32cube.ide.mcu.externaltools.gnu-tools-for-stm32.12.3.rel1.win32_1.1.0.202410251130/tools/bin/../lib/gcc/arm-none-eabi/12.3.1/../../../../arm-none-eabi/lib/thumb/v7e-m+fp/hard\libc_nano.a(libc_a-writer.o)
                0x08007370                _write_r
 .text.__errno  0x08007394        0xc C:/ST/STM32CubeIDE_1.17.0/STM32CubeIDE/plugins/com.st.stm32cube.ide.mcu.externaltools.gnu-tools-for-stm32.12.3.rel1.win32_1.1.0.202410251130/tools/bin/../lib/gcc/arm-none-eabi/12.3.1/../../../../arm-none-eabi/lib/thumb/v7e-m+fp/hard\libc_nano.a(libc_a-errno.o)
                0x08007394                __errno
 .text.__libc_init_array
                0x080073a0       0x48 C:/ST/STM32CubeIDE_1.17.0/STM32CubeIDE/plugins/com.st.stm32cube.ide.mcu.externaltools.gnu-tools-for-stm32.12.3.rel1.win32_1.1.0.202410251130/tools/bin/../lib/gcc/arm-none-eabi/12.3.1/../../../../arm-none-eabi/lib/thumb/v7e-m+fp/hard\libc_nano.a(libc_a-init.o)
                0x080073a0                __libc_init_array
 .text.__retarget_lock_init_recursive
                0x080073e8        0x2 C:/ST/STM32CubeIDE_1.17.0/STM32CubeIDE/plugins/com.st.stm32cube.ide.mcu.externaltools.gnu-tools-for-stm32.12.3.rel1.win32_1.1.0.202410251130/tools/bin/../lib/gcc/arm-none-eabi/12.3.1/../../../../arm-none-eabi/lib/thumb/v7e-m+fp/hard\libc_nano.a(libc_a-lock.o)
                0x080073e8                __retarget_lock_init_recursive
 .text.__retarget_lock_acquire_recursive
                0x080073ea        0x2 C:/ST/STM32CubeIDE_1.17.0/STM32CubeIDE/plugins/com.st.stm32cube.ide.mcu.externaltools.gnu-tools-for-stm32.12.3.rel1.win32_1.1.0.202410251130/tools/bin/../lib/gcc/arm-none-eabi/12.3.1/../../../../arm-none-eabi/lib/thumb/v7e-m+fp/hard\libc_nano.a(libc_a-lock.o)
                0x080073ea                __retarget_lock_acquire_recursive
 .text.__retarget_lock_release_recursive
                0x080073ec        0x2 C:/ST/STM32CubeIDE_1.17.0/STM32CubeIDE/plugins/com.st.stm32cube.ide.mcu.externaltools.gnu-tools-for-stm32.12.3.rel1.win32_1.1.0.202410251130/tools/bin/../lib/gcc/arm-none-eabi/12.3.1/../../../../arm-none-eabi/lib/thumb/v7e-m+fp/hard\libc_nano.a(libc_a-lock.o)
                0x080073ec                __retarget_lock_release_recursive
 *fill*         0x080073ee        0x2 
 .text._free_r  0x080073f0       0x94 C:/ST/STM32CubeIDE_1.17.0/STM32CubeIDE/plugins/com.st.stm32cube.ide.mcu.externaltools.gnu-tools-for-stm32.12.3.rel1.win32_1.1.0.202410251130/tools/bin/../lib/gcc/arm-none-eabi/12.3.1/../../../../arm-none-eabi/lib/thumb/v7e-m+fp/hard\libc_nano.a(libc_a-freer.o)
                0x080073f0                _free_r
 .text.sbrk_aligned
                0x08007484       0x44 C:/ST/STM32CubeIDE_1.17.0/STM32CubeIDE/plugins/com.st.stm32cube.ide.mcu.externaltools.gnu-tools-for-stm32.12.3.rel1.win32_1.1.0.202410251130/tools/bin/../lib/gcc/arm-none-eabi/12.3.1/../../../../arm-none-eabi/lib/thumb/v7e-m+fp/hard\libc_nano.a(libc_a-mallocr.o)
 .text._malloc_r
                0x080074c8      0x100 C:/ST/STM32CubeIDE_1.17.0/STM32CubeIDE/plugins/com.st.stm32cube.ide.mcu.externaltools.gnu-tools-for-stm32.12.3.rel1.win32_1.1.0.202410251130/tools/bin/../lib/gcc/arm-none-eabi/12.3.1/../../../../arm-none-eabi/lib/thumb/v7e-m+fp/hard\libc_nano.a(libc_a-mallocr.o)
                0x080074c8                _malloc_r
 .text.__malloc_lock
                0x080075c8        0xc C:/ST/STM32CubeIDE_1.17.0/STM32CubeIDE/plugins/com.st.stm32cube.ide.mcu.externaltools.gnu-tools-for-stm32.12.3.rel1.win32_1.1.0.202410251130/tools/bin/../lib/gcc/arm-none-eabi/12.3.1/../../../../arm-none-eabi/lib/thumb/v7e-m+fp/hard\libc_nano.a(libc_a-mlock.o)
                0x080075c8                __malloc_lock
 .text.__malloc_unlock
                0x080075d4        0xc C:/ST/STM32CubeIDE_1.17.0/STM32CubeIDE/plugins/com.st.stm32cube.ide.mcu.externaltools.gnu-tools-for-stm32.12.3.rel1.win32_1.1.0.202410251130/tools/bin/../lib/gcc/arm-none-eabi/12.3.1/../../../../arm-none-eabi/lib/thumb/v7e-m+fp/hard\libc_nano.a(libc_a-mlock.o)
                0x080075d4                __malloc_unlock
 .text.__sfputc_r
                0x080075e0       0x2e C:/ST/STM32CubeIDE_1.17.0/STM32CubeIDE/plugins/com.st.stm32cube.ide.mcu.externaltools.gnu-tools-for-stm32.12.3.rel1.win32_1.1.0.202410251130/tools/bin/../lib/gcc/arm-none-eabi/12.3.1/../../../../arm-none-eabi/lib/thumb/v7e-m+fp/hard\libc_nano.a(libc_a-nano-vfprintf.o)
 .text.__sfputs_r
                0x0800760e       0x24 C:/ST/STM32CubeIDE_1.17.0/STM32CubeIDE/plugins/com.st.stm32cube.ide.mcu.externaltools.gnu-tools-for-stm32.12.3.rel1.win32_1.1.0.202410251130/tools/bin/../lib/gcc/arm-none-eabi/12.3.1/../../../../arm-none-eabi/lib/thumb/v7e-m+fp/hard\libc_nano.a(libc_a-nano-vfprintf.o)
                0x0800760e                __sfputs_r
 *fill*         0x08007632        0x2 
 .text._vfprintf_r
                0x08007634      0x230 C:/ST/STM32CubeIDE_1.17.0/STM32CubeIDE/plugins/com.st.stm32cube.ide.mcu.externaltools.gnu-tools-for-stm32.12.3.rel1.win32_1.1.0.202410251130/tools/bin/../lib/gcc/arm-none-eabi/12.3.1/../../../../arm-none-eabi/lib/thumb/v7e-m+fp/hard\libc_nano.a(libc_a-nano-vfprintf.o)
                0x08007634                _vfprintf_r
                0x08007634                _vfiprintf_r
 .text._printf_common
                0x08007864       0xda C:/ST/STM32CubeIDE_1.17.0/STM32CubeIDE/plugins/com.st.stm32cube.ide.mcu.externaltools.gnu-tools-for-stm32.12.3.rel1.win32_1.1.0.202410251130/tools/bin/../lib/gcc/arm-none-eabi/12.3.1/../../../../arm-none-eabi/lib/thumb/v7e-m+fp/hard\libc_nano.a(libc_a-nano-vfprintf_i.o)
                0x08007864                _printf_common
 *fill*         0x0800793e        0x2 
 .text._printf_i
                0x08007940      0x240 C:/ST/STM32CubeIDE_1.17.0/STM32CubeIDE/plugins/com.st.stm32cube.ide.mcu.externaltools.gnu-tools-for-stm32.12.3.rel1.win32_1.1.0.202410251130/tools/bin/../lib/gcc/arm-none-eabi/12.3.1/../../../../arm-none-eabi/lib/thumb/v7e-m+fp/hard\libc_nano.a(libc_a-nano-vfprintf_i.o)
                0x08007940                _printf_i
 .text.__sflush_r
                0x08007b80      0x108 C:/ST/STM32CubeIDE_1.17.0/STM32CubeIDE/plugins/com.st.stm32cube.ide.mcu.externaltools.gnu-tools-for-stm32.12.3.rel1.win32_1.1.0.202410251130/tools/bin/../lib/gcc/arm-none-eabi/12.3.1/../../../../arm-none-eabi/lib/thumb/v7e-m+fp/hard\libc_nano.a(libc_a-fflush.o)
                0x08007b80                __sflush_r
 .text._fflush_r
                0x08007c88       0x50 C:/ST/STM32CubeIDE_1.17.0/STM32CubeIDE/plugins/com.st.stm32cube.ide.mcu.externaltools.gnu-tools-for-stm32.12.3.rel1.win32_1.1.0.202410251130/tools/bin/../lib/gcc/arm-none-eabi/12.3.1/../../../../arm-none-eabi/lib/thumb/v7e-m+fp/hard\libc_nano.a(libc_a-fflush.o)
                0x08007c88                _fflush_r
 .text.__swhatbuf_r
                0x08007cd8       0x4c C:/ST/STM32CubeIDE_1.17.0/STM32CubeIDE/plugins/com.st.stm32cube.ide.mcu.externaltools.gnu-tools-for-stm32.12.3.rel1.win32_1.1.0.202410251130/tools/bin/../lib/gcc/arm-none-eabi/12.3.1/../../../../arm-none-eabi/lib/thumb/v7e-m+fp/hard\libc_nano.a(libc_a-makebuf.o)
                0x08007cd8                __swhatbuf_r
 .text.__smakebuf_r
                0x08007d24       0x78 C:/ST/STM32CubeIDE_1.17.0/STM32CubeIDE/plugins/com.st.stm32cube.ide.mcu.externaltools.gnu-tools-for-stm32.12.3.rel1.win32_1.1.0.202410251130/tools/bin/../lib/gcc/arm-none-eabi/12.3.1/../../../../arm-none-eabi/lib/thumb/v7e-m+fp/hard\libc_nano.a(libc_a-makebuf.o)
                0x08007d24                __smakebuf_r
 .text._fstat_r
                0x08007d9c       0x24 C:/ST/STM32CubeIDE_1.17.0/STM32CubeIDE/plugins/com.st.stm32cube.ide.mcu.externaltools.gnu-tools-for-stm32.12.3.rel1.win32_1.1.0.202410251130/tools/bin/../lib/gcc/arm-none-eabi/12.3.1/../../../../arm-none-eabi/lib/thumb/v7e-m+fp/hard\libc_nano.a(libc_a-fstatr.o)
                0x08007d9c                _fstat_r
 .text._isatty_r
                0x08007dc0       0x20 C:/ST/STM32CubeIDE_1.17.0/STM32CubeIDE/plugins/com.st.stm32cube.ide.mcu.externaltools.gnu-tools-for-stm32.12.3.rel1.win32_1.1.0.202410251130/tools/bin/../lib/gcc/arm-none-eabi/12.3.1/../../../../arm-none-eabi/lib/thumb/v7e-m+fp/hard\libc_nano.a(libc_a-isattyr.o)
                0x08007dc0                _isatty_r
 .text._sbrk_r  0x08007de0       0x20 C:/ST/STM32CubeIDE_1.17.0/STM32CubeIDE/plugins/com.st.stm32cube.ide.mcu.externaltools.gnu-tools-for-stm32.12.3.rel1.win32_1.1.0.202410251130/tools/bin/../lib/gcc/arm-none-eabi/12.3.1/../../../../arm-none-eabi/lib/thumb/v7e-m+fp/hard\libc_nano.a(libc_a-sbrkr.o)
                0x08007de0                _sbrk_r
 *(.glue_7)
 .glue_7        0x08007e00        0x0 linker stubs
 *(.glue_7t)
 .glue_7t       0x08007e00        0x0 linker stubs
 *(.eh_frame)
 .eh_frame      0x08007e00        0x0 C:/ST/STM32CubeIDE_1.17.0/STM32CubeIDE/plugins/com.st.stm32cube.ide.mcu.externaltools.gnu-tools-for-stm32.12.3.rel1.win32_1.1.0.202410251130/tools/bin/../lib/gcc/arm-none-eabi/12.3.1/thumb/v7e-m+fp/hard/crtbegin.o
 *(.init)
 .init          0x08007e00        0x4 C:/ST/STM32CubeIDE_1.17.0/STM32CubeIDE/plugins/com.st.stm32cube.ide.mcu.externaltools.gnu-tools-for-stm32.12.3.rel1.win32_1.1.0.202410251130/tools/bin/../lib/gcc/arm-none-eabi/12.3.1/thumb/v7e-m+fp/hard/crti.o
                0x08007e00                _init
 .init          0x08007e04        0x8 C:/ST/STM32CubeIDE_1.17.0/STM32CubeIDE/plugins/com.st.stm32cube.ide.mcu.externaltools.gnu-tools-for-stm32.12.3.rel1.win32_1.1.0.202410251130/tools/bin/../lib/gcc/arm-none-eabi/12.3.1/thumb/v7e-m+fp/hard/crtn.o
 *(.fini)
 .fini          0x08007e0c        0x4 C:/ST/STM32CubeIDE_1.17.0/STM32CubeIDE/plugins/com.st.stm32cube.ide.mcu.externaltools.gnu-tools-for-stm32.12.3.rel1.win32_1.1.0.202410251130/tools/bin/../lib/gcc/arm-none-eabi/12.3.1/thumb/v7e-m+fp/hard/crti.o
                0x08007e0c                _fini
 .fini          0x08007e10        0x8 C:/ST/STM32CubeIDE_1.17.0/STM32CubeIDE/plugins/com.st.stm32cube.ide.mcu.externaltools.gnu-tools-for-stm32.12.3.rel1.win32_1.1.0.202410251130/tools/bin/../lib/gcc/arm-none-eabi/12.3.1/thumb/v7e-m+fp/hard/crtn.o
                0x08007e18                        . = ALIGN (0x4)
                0x08007e18                        _etext = .

.vfp11_veneer   0x08007e18        0x0
 .vfp11_veneer  0x08007e18        0x0 linker stubs

.v4_bx          0x08007e18        0x0
 .v4_bx         0x08007e18        0x0 linker stubs

.iplt           0x08007e18        0x0
 .iplt          0x08007e18        0x0 C:/ST/STM32CubeIDE_1.17.0/STM32CubeIDE/plugins/com.st.stm32cube.ide.mcu.externaltools.gnu-tools-for-stm32.12.3.rel1.win32_1.1.0.202410251130/tools/bin/../lib/gcc/arm-none-eabi/12.3.1/thumb/v7e-m+fp/hard/crtbegin.o

.rodata         0x08007e18     0x1b30
                0x08007e18                        . = ALIGN (0x4)
 *(.rodata)
 .rodata        0x08007e18       0x12 ./Core/Src/Screen_Driver.o
 *(.rodata*)
 *fill*         0x08007e2a        0x2 
 .rodata.ASCII16x24_Table
                0x08007e2c     0x11d0 ./Core/Src/fonts.o
                0x08007e2c                ASCII16x24_Table
 .rodata.ASCII12x12_Table
                0x08008ffc      0x900 ./Core/Src/fonts.o
                0x08008ffc                ASCII12x12_Table
 .rodata.AHBPrescTable
                0x080098fc       0x10 ./Core/Src/system_stm32f4xx.o
                0x080098fc                AHBPrescTable
 .rodata.APBPrescTable
                0x0800990c        0x8 ./Core/Src/system_stm32f4xx.o
                0x0800990c                APBPrescTable
 .rodata._vfprintf_r.str1.1
                0x08009914       0x11 C:/ST/STM32CubeIDE_1.17.0/STM32CubeIDE/plugins/com.st.stm32cube.ide.mcu.externaltools.gnu-tools-for-stm32.12.3.rel1.win32_1.1.0.202410251130/tools/bin/../lib/gcc/arm-none-eabi/12.3.1/../../../../arm-none-eabi/lib/thumb/v7e-m+fp/hard\libc_nano.a(libc_a-nano-vfprintf.o)
 .rodata._printf_i.str1.1
                0x08009925       0x22 C:/ST/STM32CubeIDE_1.17.0/STM32CubeIDE/plugins/com.st.stm32cube.ide.mcu.externaltools.gnu-tools-for-stm32.12.3.rel1.win32_1.1.0.202410251130/tools/bin/../lib/gcc/arm-none-eabi/12.3.1/../../../../arm-none-eabi/lib/thumb/v7e-m+fp/hard\libc_nano.a(libc_a-nano-vfprintf_i.o)
                0x08009948                        . = ALIGN (0x4)
 *fill*         0x08009947        0x1 

.ARM.extab      0x08009948        0x0
                0x08009948                        . = ALIGN (0x4)
 *(.ARM.extab* .gnu.linkonce.armextab.*)
                0x08009948                        . = ALIGN (0x4)

.ARM            0x08009948        0x8
                0x08009948                        . = ALIGN (0x4)
                0x08009948                        __exidx_start = .
 *(.ARM.exidx*)
 .ARM.exidx     0x08009948        0x8 C:/ST/STM32CubeIDE_1.17.0/STM32CubeIDE/plugins/com.st.stm32cube.ide.mcu.externaltools.gnu-tools-for-stm32.12.3.rel1.win32_1.1.0.202410251130/tools/bin/../lib/gcc/arm-none-eabi/12.3.1/../../../../arm-none-eabi/lib/thumb/v7e-m+fp/hard\libc_nano.a(libc_a-memchr.o)
 .ARM.exidx     0x08009950        0x0 C:/ST/STM32CubeIDE_1.17.0/STM32CubeIDE/plugins/com.st.stm32cube.ide.mcu.externaltools.gnu-tools-for-stm32.12.3.rel1.win32_1.1.0.202410251130/tools/bin/../lib/gcc/arm-none-eabi/12.3.1/thumb/v7e-m+fp/hard\libgcc.a(_udivmoddi4.o)
                                  0x8 (size before relaxing)
                0x08009950                        __exidx_end = .
                0x08009950                        . = ALIGN (0x4)

.preinit_array  0x08009950        0x0
                0x08009950                        . = ALIGN (0x4)
                0x08009950                        PROVIDE (__preinit_array_start = .)
 *(.preinit_array*)
                0x08009950                        PROVIDE (__preinit_array_end = .)
                0x08009950                        . = ALIGN (0x4)

.init_array     0x08009950        0x4
                0x08009950                        . = ALIGN (0x4)
                0x08009950                        PROVIDE (__init_array_start = .)
 *(SORT_BY_NAME(.init_array.*))
 *(.init_array*)
 .init_array    0x08009950        0x4 C:/ST/STM32CubeIDE_1.17.0/STM32CubeIDE/plugins/com.st.stm32cube.ide.mcu.externaltools.gnu-tools-for-stm32.12.3.rel1.win32_1.1.0.202410251130/tools/bin/../lib/gcc/arm-none-eabi/12.3.1/thumb/v7e-m+fp/hard/crtbegin.o
                0x08009954                        PROVIDE (__init_array_end = .)
                0x08009954                        . = ALIGN (0x4)

.fini_array     0x08009954        0x4
                0x08009954                        . = ALIGN (0x4)
                [!provide]                        PROVIDE (__fini_array_start = .)
 *(SORT_BY_NAME(.fini_array.*))
 *(.fini_array*)
 .fini_array    0x08009954        0x4 C:/ST/STM32CubeIDE_1.17.0/STM32CubeIDE/plugins/com.st.stm32cube.ide.mcu.externaltools.gnu-tools-for-stm32.12.3.rel1.win32_1.1.0.202410251130/tools/bin/../lib/gcc/arm-none-eabi/12.3.1/thumb/v7e-m+fp/hard/crtbegin.o
                [!provide]                        PROVIDE (__fini_array_end = .)
                0x08009958                        . = ALIGN (0x4)
                0x08009958                        _sidata = LOADADDR (.data)

.rel.dyn        0x08009958        0x0
 .rel.iplt      0x08009958        0x0 C:/ST/STM32CubeIDE_1.17.0/STM32CubeIDE/plugins/com.st.stm32cube.ide.mcu.externaltools.gnu-tools-for-stm32.12.3.rel1.win32_1.1.0.202410251130/tools/bin/../lib/gcc/arm-none-eabi/12.3.1/thumb/v7e-m+fp/hard/crtbegin.o

.data           0x20000000       0x80 load address 0x08009958
                0x20000000                        . = ALIGN (0x4)
                0x20000000                        _sdata = .
 *(.data)
 *(.data*)
 .data.CurrentTextColor
                0x20000000        0x2 ./Core/Src/LCD_Driver.o
 *fill*         0x20000002        0x2 
 .data.Font16x24
                0x20000004        0x8 ./Core/Src/fonts.o
                0x20000004                Font16x24
 .data.Font12x12
                0x2000000c        0x8 ./Core/Src/fonts.o
                0x2000000c                Font12x12
 .data.SpiTimeout
                0x20000014        0x4 ./Core/Src/ili9341.o
                0x20000014                SpiTimeout
 .data.SystemCoreClock
                0x20000018        0x4 ./Core/Src/system_stm32f4xx.o
                0x20000018                SystemCoreClock
 .data.uwTickPrio
                0x2000001c        0x4 ./Drivers/STM32F4xx_HAL_Driver/Src/stm32f4xx_hal.o
                0x2000001c                uwTickPrio
 .data.uwTickFreq
                0x20000020        0x1 ./Drivers/STM32F4xx_HAL_Driver/Src/stm32f4xx_hal.o
                0x20000020                uwTickFreq
 *fill*         0x20000021        0x3 
 .data.__sglue  0x20000024        0xc C:/ST/STM32CubeIDE_1.17.0/STM32CubeIDE/plugins/com.st.stm32cube.ide.mcu.externaltools.gnu-tools-for-stm32.12.3.rel1.win32_1.1.0.202410251130/tools/bin/../lib/gcc/arm-none-eabi/12.3.1/../../../../arm-none-eabi/lib/thumb/v7e-m+fp/hard\libc_nano.a(libc_a-findfp.o)
                0x20000024                __sglue
 .data._impure_ptr
                0x20000030        0x4 C:/ST/STM32CubeIDE_1.17.0/STM32CubeIDE/plugins/com.st.stm32cube.ide.mcu.externaltools.gnu-tools-for-stm32.12.3.rel1.win32_1.1.0.202410251130/tools/bin/../lib/gcc/arm-none-eabi/12.3.1/../../../../arm-none-eabi/lib/thumb/v7e-m+fp/hard\libc_nano.a(libc_a-impure.o)
                0x20000030                _impure_ptr
 .data._impure_data
                0x20000034       0x4c C:/ST/STM32CubeIDE_1.17.0/STM32CubeIDE/plugins/com.st.stm32cube.ide.mcu.externaltools.gnu-tools-for-stm32.12.3.rel1.win32_1.1.0.202410251130/tools/bin/../lib/gcc/arm-none-eabi/12.3.1/../../../../arm-none-eabi/lib/thumb/v7e-m+fp/hard\libc_nano.a(libc_a-impure.o)
                0x20000034                _impure_data
 *(.RamFunc)
 *(.RamFunc*)
                0x20000080                        . = ALIGN (0x4)
                0x20000080                        _edata = .
                0x080099d8                        _siccmram = LOADADDR (.ccmram)

.igot.plt       0x20000080        0x0 load address 0x080099d8
 .igot.plt      0x20000080        0x0 C:/ST/STM32CubeIDE_1.17.0/STM32CubeIDE/plugins/com.st.stm32cube.ide.mcu.externaltools.gnu-tools-for-stm32.12.3.rel1.win32_1.1.0.202410251130/tools/bin/../lib/gcc/arm-none-eabi/12.3.1/thumb/v7e-m+fp/hard/crtbegin.o

.ccmram         0x10000000        0x0 load address 0x080099d8
                0x10000000                        . = ALIGN (0x4)
                0x10000000                        _sccmram = .
 *(.ccmram)
 *(.ccmram*)
                0x10000000                        . = ALIGN (0x4)
                0x10000000                        _eccmram = .
                0x10000000                        . = ALIGN (0x4)

.bss            0x20000080    0x25d00
                0x20000080                        _sbss = .
                0x20000080                        __bss_start__ = _sbss
 *(.bss)
 .bss           0x20000080       0x1c C:/ST/STM32CubeIDE_1.17.0/STM32CubeIDE/plugins/com.st.stm32cube.ide.mcu.externaltools.gnu-tools-for-stm32.12.3.rel1.win32_1.1.0.202410251130/tools/bin/../lib/gcc/arm-none-eabi/12.3.1/thumb/v7e-m+fp/hard/crtbegin.o
 *(.bss*)
 .bss.hrng      0x2000009c       0x10 ./Core/Src/AI_Driver.o
                0x2000009c                hrng
 .bss.StaticTouchData
                0x200000ac        0x8 ./Core/Src/ApplicationCode.o
 .bss.hoveringPiecePos
                0x200000b4        0x1 ./Core/Src/Board_Driver.o
 .bss.placedPieceRow
                0x200000b5        0x1 ./Core/Src/Board_Driver.o
 *fill*         0x200000b6        0x2 
 .bss.Board     0x200000b8       0x2a ./Core/Src/Board_Driver.o
                0x200000b8                Board
 .bss.isPlayerBlue
                0x200000e2        0x1 ./Core/Src/Board_Driver.o
 .bss.isStillPlaying
                0x200000e3        0x1 ./Core/Src/Board_Driver.o
 .bss.hltdc     0x200000e4       0xa8 ./Core/Src/LCD_Driver.o
 .bss.PeriphClkInitStruct
                0x2000018c       0x30 ./Core/Src/LCD_Driver.o
 .bss.LCD_Currentfonts
                0x200001bc        0x4 ./Core/Src/LCD_Driver.o
 .bss.frameBuffer
                0x200001c0    0x25800 ./Core/Src/LCD_Driver.o
                0x200001c0                frameBuffer
 .bss.touchdata
                0x200259c0        0x8 ./Core/Src/Screen_Driver.o
 .bss.hoveringPieceXpos
                0x200259c8        0x2 ./Core/Src/Screen_Driver.o
 .bss.hoveringPieceYpos
                0x200259ca        0x2 ./Core/Src/Screen_Driver.o
 .bss.redWins   0x200259cc        0x1 ./Core/Src/Screen_Driver.o
 .bss.blueWins  0x200259cd        0x1 ./Core/Src/Screen_Driver.o
 *fill*         0x200259ce        0x2 
 .bss.startTick
                0x200259d0        0x4 ./Core/Src/Screen_Driver.o
 .bss.endTick   0x200259d4        0x4 ./Core/Src/Screen_Driver.o
 .bss.isOnePlayer
                0x200259d8        0x1 ./Core/Src/Screen_Driver.o
 *fill*         0x200259d9        0x3 
 .bss.SpiHandle
                0x200259dc       0x58 ./Core/Src/ili9341.o
 .bss.Is_LCD_IO_Initialized
                0x20025a34        0x1 ./Core/Src/ili9341.o
 *fill*         0x20025a35        0x3 
 .bss.hi2c3     0x20025a38       0x54 ./Core/Src/main.o
                0x20025a38                hi2c3
 .bss.hltdc     0x20025a8c       0xa8 ./Core/Src/main.o
                0x20025a8c                hltdc
 .bss.hspi5     0x20025b34       0x58 ./Core/Src/main.o
                0x20025b34                hspi5
 .bss.htim2     0x20025b8c       0x48 ./Core/Src/main.o
                0x20025b8c                htim2
 .bss.hI2C3     0x20025bd4       0x54 ./Core/Src/stmpe811.o
 .bss.HAL_status
                0x20025c28        0x1 ./Core/Src/stmpe811.o
 *fill*         0x20025c29        0x3 
 .bss.__sbrk_heap_end
                0x20025c2c        0x4 ./Core/Src/sysmem.o
 .bss.uwTick    0x20025c30        0x4 ./Drivers/STM32F4xx_HAL_Driver/Src/stm32f4xx_hal.o
                0x20025c30                uwTick
 .bss.__sf      0x20025c34      0x138 C:/ST/STM32CubeIDE_1.17.0/STM32CubeIDE/plugins/com.st.stm32cube.ide.mcu.externaltools.gnu-tools-for-stm32.12.3.rel1.win32_1.1.0.202410251130/tools/bin/../lib/gcc/arm-none-eabi/12.3.1/../../../../arm-none-eabi/lib/thumb/v7e-m+fp/hard\libc_nano.a(libc_a-findfp.o)
                0x20025c34                __sf
 .bss.__stdio_exit_handler
                0x20025d6c        0x4 C:/ST/STM32CubeIDE_1.17.0/STM32CubeIDE/plugins/com.st.stm32cube.ide.mcu.externaltools.gnu-tools-for-stm32.12.3.rel1.win32_1.1.0.202410251130/tools/bin/../lib/gcc/arm-none-eabi/12.3.1/../../../../arm-none-eabi/lib/thumb/v7e-m+fp/hard\libc_nano.a(libc_a-findfp.o)
                0x20025d6c                __stdio_exit_handler
 .bss.errno     0x20025d70        0x4 C:/ST/STM32CubeIDE_1.17.0/STM32CubeIDE/plugins/com.st.stm32cube.ide.mcu.externaltools.gnu-tools-for-stm32.12.3.rel1.win32_1.1.0.202410251130/tools/bin/../lib/gcc/arm-none-eabi/12.3.1/../../../../arm-none-eabi/lib/thumb/v7e-m+fp/hard\libc_nano.a(libc_a-reent.o)
                0x20025d70                errno
 .bss.__lock___malloc_recursive_mutex
                0x20025d74        0x1 C:/ST/STM32CubeIDE_1.17.0/STM32CubeIDE/plugins/com.st.stm32cube.ide.mcu.externaltools.gnu-tools-for-stm32.12.3.rel1.win32_1.1.0.202410251130/tools/bin/../lib/gcc/arm-none-eabi/12.3.1/../../../../arm-none-eabi/lib/thumb/v7e-m+fp/hard\libc_nano.a(libc_a-lock.o)
                0x20025d74                __lock___malloc_recursive_mutex
 .bss.__lock___sfp_recursive_mutex
                0x20025d75        0x1 C:/ST/STM32CubeIDE_1.17.0/STM32CubeIDE/plugins/com.st.stm32cube.ide.mcu.externaltools.gnu-tools-for-stm32.12.3.rel1.win32_1.1.0.202410251130/tools/bin/../lib/gcc/arm-none-eabi/12.3.1/../../../../arm-none-eabi/lib/thumb/v7e-m+fp/hard\libc_nano.a(libc_a-lock.o)
                0x20025d75                __lock___sfp_recursive_mutex
 *fill*         0x20025d76        0x2 
 .bss.__malloc_sbrk_start
                0x20025d78        0x4 C:/ST/STM32CubeIDE_1.17.0/STM32CubeIDE/plugins/com.st.stm32cube.ide.mcu.externaltools.gnu-tools-for-stm32.12.3.rel1.win32_1.1.0.202410251130/tools/bin/../lib/gcc/arm-none-eabi/12.3.1/../../../../arm-none-eabi/lib/thumb/v7e-m+fp/hard\libc_nano.a(libc_a-mallocr.o)
                0x20025d78                __malloc_sbrk_start
 .bss.__malloc_free_list
                0x20025d7c        0x4 C:/ST/STM32CubeIDE_1.17.0/STM32CubeIDE/plugins/com.st.stm32cube.ide.mcu.externaltools.gnu-tools-for-stm32.12.3.rel1.win32_1.1.0.202410251130/tools/bin/../lib/gcc/arm-none-eabi/12.3.1/../../../../arm-none-eabi/lib/thumb/v7e-m+fp/hard\libc_nano.a(libc_a-mallocr.o)
                0x20025d7c                __malloc_free_list
 *(COMMON)
                0x20025d80                        . = ALIGN (0x4)
                0x20025d80                        _ebss = .
                0x20025d80                        __bss_end__ = _ebss

._user_heap_stack
                0x20025d80      0x600
                0x20025d80                        . = ALIGN (0x8)
                [!provide]                        PROVIDE (end = .)
                0x20025d80                        PROVIDE (_end = .)
                0x20025f80                        . = (. + _Min_Heap_Size)
 *fill*         0x20025d80      0x200 
                0x20026380                        . = (. + _Min_Stack_Size)
 *fill*         0x20025f80      0x400 
                0x20026380                        . = ALIGN (0x8)

/DISCARD/
 libc.a(*)
 libm.a(*)
 libgcc.a(*)

.ARM.attributes
                0x00000000       0x30
 *(.ARM.attributes)
 .ARM.attributes
                0x00000000       0x22 C:/ST/STM32CubeIDE_1.17.0/STM32CubeIDE/plugins/com.st.stm32cube.ide.mcu.externaltools.gnu-tools-for-stm32.12.3.rel1.win32_1.1.0.202410251130/tools/bin/../lib/gcc/arm-none-eabi/12.3.1/thumb/v7e-m+fp/hard/crti.o
 .ARM.attributes
                0x00000022       0x34 C:/ST/STM32CubeIDE_1.17.0/STM32CubeIDE/plugins/com.st.stm32cube.ide.mcu.externaltools.gnu-tools-for-stm32.12.3.rel1.win32_1.1.0.202410251130/tools/bin/../lib/gcc/arm-none-eabi/12.3.1/thumb/v7e-m+fp/hard/crtbegin.o
 .ARM.attributes
                0x00000056       0x34 ./Core/Src/AI_Driver.o
 .ARM.attributes
                0x0000008a       0x34 ./Core/Src/ApplicationCode.o
 .ARM.attributes
                0x000000be       0x34 ./Core/Src/Board_Driver.o
 .ARM.attributes
                0x000000f2       0x34 ./Core/Src/LCD_Driver.o
 .ARM.attributes
                0x00000126       0x34 ./Core/Src/Screen_Driver.o
 .ARM.attributes
                0x0000015a       0x34 ./Core/Src/fonts.o
 .ARM.attributes
                0x0000018e       0x34 ./Core/Src/ili9341.o
 .ARM.attributes
                0x000001c2       0x34 ./Core/Src/main.o
 .ARM.attributes
                0x000001f6       0x34 ./Core/Src/stm32f4xx_hal_msp.o
 .ARM.attributes
                0x0000022a       0x34 ./Core/Src/stm32f4xx_it.o
 .ARM.attributes
                0x0000025e       0x34 ./Core/Src/stmpe811.o
 .ARM.attributes
                0x00000292       0x34 ./Core/Src/syscalls.o
 .ARM.attributes
                0x000002c6       0x34 ./Core/Src/sysmem.o
 .ARM.attributes
                0x000002fa       0x34 ./Core/Src/system_stm32f4xx.o
 .ARM.attributes
                0x0000032e       0x21 ./Core/Startup/startup_stm32f429zitx.o
 .ARM.attributes
                0x0000034f       0x34 ./Drivers/STM32F4xx_HAL_Driver/Src/stm32f4xx_hal.o
 .ARM.attributes
                0x00000383       0x34 ./Drivers/STM32F4xx_HAL_Driver/Src/stm32f4xx_hal_cortex.o
 .ARM.attributes
                0x000003b7       0x34 ./Drivers/STM32F4xx_HAL_Driver/Src/stm32f4xx_hal_exti.o
 .ARM.attributes
                0x000003eb       0x34 ./Drivers/STM32F4xx_HAL_Driver/Src/stm32f4xx_hal_gpio.o
 .ARM.attributes
                0x0000041f       0x34 ./Drivers/STM32F4xx_HAL_Driver/Src/stm32f4xx_hal_i2c.o
 .ARM.attributes
                0x00000453       0x34 ./Drivers/STM32F4xx_HAL_Driver/Src/stm32f4xx_hal_i2c_ex.o
 .ARM.attributes
                0x00000487       0x34 ./Drivers/STM32F4xx_HAL_Driver/Src/stm32f4xx_hal_ltdc.o
 .ARM.attributes
                0x000004bb       0x34 ./Drivers/STM32F4xx_HAL_Driver/Src/stm32f4xx_hal_rcc.o
 .ARM.attributes
                0x000004ef       0x34 ./Drivers/STM32F4xx_HAL_Driver/Src/stm32f4xx_hal_rcc_ex.o
 .ARM.attributes
                0x00000523       0x34 ./Drivers/STM32F4xx_HAL_Driver/Src/stm32f4xx_hal_rng.o
 .ARM.attributes
                0x00000557       0x34 ./Drivers/STM32F4xx_HAL_Driver/Src/stm32f4xx_hal_spi.o
 .ARM.attributes
                0x0000058b       0x34 ./Drivers/STM32F4xx_HAL_Driver/Src/stm32f4xx_hal_tim.o
 .ARM.attributes
                0x000005bf       0x34 ./Drivers/STM32F4xx_HAL_Driver/Src/stm32f4xx_hal_tim_ex.o
 .ARM.attributes
                0x000005f3       0x34 C:/ST/STM32CubeIDE_1.17.0/STM32CubeIDE/plugins/com.st.stm32cube.ide.mcu.externaltools.gnu-tools-for-stm32.12.3.rel1.win32_1.1.0.202410251130/tools/bin/../lib/gcc/arm-none-eabi/12.3.1/../../../../arm-none-eabi/lib/thumb/v7e-m+fp/hard\libc_nano.a(libc_a-findfp.o)
 .ARM.attributes
                0x00000627       0x34 C:/ST/STM32CubeIDE_1.17.0/STM32CubeIDE/plugins/com.st.stm32cube.ide.mcu.externaltools.gnu-tools-for-stm32.12.3.rel1.win32_1.1.0.202410251130/tools/bin/../lib/gcc/arm-none-eabi/12.3.1/../../../../arm-none-eabi/lib/thumb/v7e-m+fp/hard\libc_nano.a(libc_a-fwalk.o)
 .ARM.attributes
                0x0000065b       0x34 C:/ST/STM32CubeIDE_1.17.0/STM32CubeIDE/plugins/com.st.stm32cube.ide.mcu.externaltools.gnu-tools-for-stm32.12.3.rel1.win32_1.1.0.202410251130/tools/bin/../lib/gcc/arm-none-eabi/12.3.1/../../../../arm-none-eabi/lib/thumb/v7e-m+fp/hard\libc_nano.a(libc_a-printf.o)
 .ARM.attributes
                0x0000068f       0x34 C:/ST/STM32CubeIDE_1.17.0/STM32CubeIDE/plugins/com.st.stm32cube.ide.mcu.externaltools.gnu-tools-for-stm32.12.3.rel1.win32_1.1.0.202410251130/tools/bin/../lib/gcc/arm-none-eabi/12.3.1/../../../../arm-none-eabi/lib/thumb/v7e-m+fp/hard\libc_nano.a(libc_a-stdio.o)
 .ARM.attributes
                0x000006c3       0x34 C:/ST/STM32CubeIDE_1.17.0/STM32CubeIDE/plugins/com.st.stm32cube.ide.mcu.externaltools.gnu-tools-for-stm32.12.3.rel1.win32_1.1.0.202410251130/tools/bin/../lib/gcc/arm-none-eabi/12.3.1/../../../../arm-none-eabi/lib/thumb/v7e-m+fp/hard\libc_nano.a(libc_a-wbuf.o)
 .ARM.attributes
                0x000006f7       0x34 C:/ST/STM32CubeIDE_1.17.0/STM32CubeIDE/plugins/com.st.stm32cube.ide.mcu.externaltools.gnu-tools-for-stm32.12.3.rel1.win32_1.1.0.202410251130/tools/bin/../lib/gcc/arm-none-eabi/12.3.1/../../../../arm-none-eabi/lib/thumb/v7e-m+fp/hard\libc_nano.a(libc_a-wsetup.o)
 .ARM.attributes
                0x0000072b       0x34 C:/ST/STM32CubeIDE_1.17.0/STM32CubeIDE/plugins/com.st.stm32cube.ide.mcu.externaltools.gnu-tools-for-stm32.12.3.rel1.win32_1.1.0.202410251130/tools/bin/../lib/gcc/arm-none-eabi/12.3.1/../../../../arm-none-eabi/lib/thumb/v7e-m+fp/hard\libc_nano.a(libc_a-memset.o)
 .ARM.attributes
                0x0000075f       0x34 C:/ST/STM32CubeIDE_1.17.0/STM32CubeIDE/plugins/com.st.stm32cube.ide.mcu.externaltools.gnu-tools-for-stm32.12.3.rel1.win32_1.1.0.202410251130/tools/bin/../lib/gcc/arm-none-eabi/12.3.1/../../../../arm-none-eabi/lib/thumb/v7e-m+fp/hard\libc_nano.a(libc_a-closer.o)
 .ARM.attributes
                0x00000793       0x34 C:/ST/STM32CubeIDE_1.17.0/STM32CubeIDE/plugins/com.st.stm32cube.ide.mcu.externaltools.gnu-tools-for-stm32.12.3.rel1.win32_1.1.0.202410251130/tools/bin/../lib/gcc/arm-none-eabi/12.3.1/../../../../arm-none-eabi/lib/thumb/v7e-m+fp/hard\libc_nano.a(libc_a-reent.o)
 .ARM.attributes
                0x000007c7       0x34 C:/ST/STM32CubeIDE_1.17.0/STM32CubeIDE/plugins/com.st.stm32cube.ide.mcu.externaltools.gnu-tools-for-stm32.12.3.rel1.win32_1.1.0.202410251130/tools/bin/../lib/gcc/arm-none-eabi/12.3.1/../../../../arm-none-eabi/lib/thumb/v7e-m+fp/hard\libc_nano.a(libc_a-impure.o)
 .ARM.attributes
                0x000007fb       0x34 C:/ST/STM32CubeIDE_1.17.0/STM32CubeIDE/plugins/com.st.stm32cube.ide.mcu.externaltools.gnu-tools-for-stm32.12.3.rel1.win32_1.1.0.202410251130/tools/bin/../lib/gcc/arm-none-eabi/12.3.1/../../../../arm-none-eabi/lib/thumb/v7e-m+fp/hard\libc_nano.a(libc_a-lseekr.o)
 .ARM.attributes
                0x0000082f       0x34 C:/ST/STM32CubeIDE_1.17.0/STM32CubeIDE/plugins/com.st.stm32cube.ide.mcu.externaltools.gnu-tools-for-stm32.12.3.rel1.win32_1.1.0.202410251130/tools/bin/../lib/gcc/arm-none-eabi/12.3.1/../../../../arm-none-eabi/lib/thumb/v7e-m+fp/hard\libc_nano.a(libc_a-readr.o)
 .ARM.attributes
                0x00000863       0x34 C:/ST/STM32CubeIDE_1.17.0/STM32CubeIDE/plugins/com.st.stm32cube.ide.mcu.externaltools.gnu-tools-for-stm32.12.3.rel1.win32_1.1.0.202410251130/tools/bin/../lib/gcc/arm-none-eabi/12.3.1/../../../../arm-none-eabi/lib/thumb/v7e-m+fp/hard\libc_nano.a(libc_a-writer.o)
 .ARM.attributes
                0x00000897       0x34 C:/ST/STM32CubeIDE_1.17.0/STM32CubeIDE/plugins/com.st.stm32cube.ide.mcu.externaltools.gnu-tools-for-stm32.12.3.rel1.win32_1.1.0.202410251130/tools/bin/../lib/gcc/arm-none-eabi/12.3.1/../../../../arm-none-eabi/lib/thumb/v7e-m+fp/hard\libc_nano.a(libc_a-errno.o)
 .ARM.attributes
                0x000008cb       0x34 C:/ST/STM32CubeIDE_1.17.0/STM32CubeIDE/plugins/com.st.stm32cube.ide.mcu.externaltools.gnu-tools-for-stm32.12.3.rel1.win32_1.1.0.202410251130/tools/bin/../lib/gcc/arm-none-eabi/12.3.1/../../../../arm-none-eabi/lib/thumb/v7e-m+fp/hard\libc_nano.a(libc_a-init.o)
 .ARM.attributes
                0x000008ff       0x34 C:/ST/STM32CubeIDE_1.17.0/STM32CubeIDE/plugins/com.st.stm32cube.ide.mcu.externaltools.gnu-tools-for-stm32.12.3.rel1.win32_1.1.0.202410251130/tools/bin/../lib/gcc/arm-none-eabi/12.3.1/../../../../arm-none-eabi/lib/thumb/v7e-m+fp/hard\libc_nano.a(libc_a-lock.o)
 .ARM.attributes
                0x00000933       0x34 C:/ST/STM32CubeIDE_1.17.0/STM32CubeIDE/plugins/com.st.stm32cube.ide.mcu.externaltools.gnu-tools-for-stm32.12.3.rel1.win32_1.1.0.202410251130/tools/bin/../lib/gcc/arm-none-eabi/12.3.1/../../../../arm-none-eabi/lib/thumb/v7e-m+fp/hard\libc_nano.a(libc_a-freer.o)
 .ARM.attributes
                0x00000967       0x34 C:/ST/STM32CubeIDE_1.17.0/STM32CubeIDE/plugins/com.st.stm32cube.ide.mcu.externaltools.gnu-tools-for-stm32.12.3.rel1.win32_1.1.0.202410251130/tools/bin/../lib/gcc/arm-none-eabi/12.3.1/../../../../arm-none-eabi/lib/thumb/v7e-m+fp/hard\libc_nano.a(libc_a-mallocr.o)
 .ARM.attributes
                0x0000099b       0x34 C:/ST/STM32CubeIDE_1.17.0/STM32CubeIDE/plugins/com.st.stm32cube.ide.mcu.externaltools.gnu-tools-for-stm32.12.3.rel1.win32_1.1.0.202410251130/tools/bin/../lib/gcc/arm-none-eabi/12.3.1/../../../../arm-none-eabi/lib/thumb/v7e-m+fp/hard\libc_nano.a(libc_a-mlock.o)
 .ARM.attributes
                0x000009cf       0x34 C:/ST/STM32CubeIDE_1.17.0/STM32CubeIDE/plugins/com.st.stm32cube.ide.mcu.externaltools.gnu-tools-for-stm32.12.3.rel1.win32_1.1.0.202410251130/tools/bin/../lib/gcc/arm-none-eabi/12.3.1/../../../../arm-none-eabi/lib/thumb/v7e-m+fp/hard\libc_nano.a(libc_a-nano-vfprintf.o)
 .ARM.attributes
                0x00000a03       0x34 C:/ST/STM32CubeIDE_1.17.0/STM32CubeIDE/plugins/com.st.stm32cube.ide.mcu.externaltools.gnu-tools-for-stm32.12.3.rel1.win32_1.1.0.202410251130/tools/bin/../lib/gcc/arm-none-eabi/12.3.1/../../../../arm-none-eabi/lib/thumb/v7e-m+fp/hard\libc_nano.a(libc_a-nano-vfprintf_i.o)
 .ARM.attributes
                0x00000a37       0x34 C:/ST/STM32CubeIDE_1.17.0/STM32CubeIDE/plugins/com.st.stm32cube.ide.mcu.externaltools.gnu-tools-for-stm32.12.3.rel1.win32_1.1.0.202410251130/tools/bin/../lib/gcc/arm-none-eabi/12.3.1/../../../../arm-none-eabi/lib/thumb/v7e-m+fp/hard\libc_nano.a(libc_a-fflush.o)
 .ARM.attributes
                0x00000a6b       0x34 C:/ST/STM32CubeIDE_1.17.0/STM32CubeIDE/plugins/com.st.stm32cube.ide.mcu.externaltools.gnu-tools-for-stm32.12.3.rel1.win32_1.1.0.202410251130/tools/bin/../lib/gcc/arm-none-eabi/12.3.1/../../../../arm-none-eabi/lib/thumb/v7e-m+fp/hard\libc_nano.a(libc_a-makebuf.o)
 .ARM.attributes
                0x00000a9f       0x34 C:/ST/STM32CubeIDE_1.17.0/STM32CubeIDE/plugins/com.st.stm32cube.ide.mcu.externaltools.gnu-tools-for-stm32.12.3.rel1.win32_1.1.0.202410251130/tools/bin/../lib/gcc/arm-none-eabi/12.3.1/../../../../arm-none-eabi/lib/thumb/v7e-m+fp/hard\libc_nano.a(libc_a-fstatr.o)
 .ARM.attributes
                0x00000ad3       0x34 C:/ST/STM32CubeIDE_1.17.0/STM32CubeIDE/plugins/com.st.stm32cube.ide.mcu.externaltools.gnu-tools-for-stm32.12.3.rel1.win32_1.1.0.202410251130/tools/bin/../lib/gcc/arm-none-eabi/12.3.1/../../../../arm-none-eabi/lib/thumb/v7e-m+fp/hard\libc_nano.a(libc_a-isattyr.o)
 .ARM.attributes
                0x00000b07       0x34 C:/ST/STM32CubeIDE_1.17.0/STM32CubeIDE/plugins/com.st.stm32cube.ide.mcu.externaltools.gnu-tools-for-stm32.12.3.rel1.win32_1.1.0.202410251130/tools/bin/../lib/gcc/arm-none-eabi/12.3.1/../../../../arm-none-eabi/lib/thumb/v7e-m+fp/hard\libc_nano.a(libc_a-sbrkr.o)
 .ARM.attributes
                0x00000b3b       0x1c C:/ST/STM32CubeIDE_1.17.0/STM32CubeIDE/plugins/com.st.stm32cube.ide.mcu.externaltools.gnu-tools-for-stm32.12.3.rel1.win32_1.1.0.202410251130/tools/bin/../lib/gcc/arm-none-eabi/12.3.1/../../../../arm-none-eabi/lib/thumb/v7e-m+fp/hard\libc_nano.a(libc_a-memchr.o)
 .ARM.attributes
                0x00000b57       0x22 C:/ST/STM32CubeIDE_1.17.0/STM32CubeIDE/plugins/com.st.stm32cube.ide.mcu.externaltools.gnu-tools-for-stm32.12.3.rel1.win32_1.1.0.202410251130/tools/bin/../lib/gcc/arm-none-eabi/12.3.1/thumb/v7e-m+fp/hard\libgcc.a(_aeabi_uldivmod.o)
 .ARM.attributes
                0x00000b79       0x34 C:/ST/STM32CubeIDE_1.17.0/STM32CubeIDE/plugins/com.st.stm32cube.ide.mcu.externaltools.gnu-tools-for-stm32.12.3.rel1.win32_1.1.0.202410251130/tools/bin/../lib/gcc/arm-none-eabi/12.3.1/thumb/v7e-m+fp/hard\libgcc.a(_udivmoddi4.o)
 .ARM.attributes
                0x00000bad       0x22 C:/ST/STM32CubeIDE_1.17.0/STM32CubeIDE/plugins/com.st.stm32cube.ide.mcu.externaltools.gnu-tools-for-stm32.12.3.rel1.win32_1.1.0.202410251130/tools/bin/../lib/gcc/arm-none-eabi/12.3.1/thumb/v7e-m+fp/hard\libgcc.a(_dvmd_tls.o)
 .ARM.attributes
                0x00000bcf       0x22 C:/ST/STM32CubeIDE_1.17.0/STM32CubeIDE/plugins/com.st.stm32cube.ide.mcu.externaltools.gnu-tools-for-stm32.12.3.rel1.win32_1.1.0.202410251130/tools/bin/../lib/gcc/arm-none-eabi/12.3.1/thumb/v7e-m+fp/hard/crtn.o
OUTPUT(ECEN2370_StarterCode_SP25.elf elf32-littlearm)
LOAD linker stubs
LOAD C:/ST/STM32CubeIDE_1.17.0/STM32CubeIDE/plugins/com.st.stm32cube.ide.mcu.externaltools.gnu-tools-for-stm32.12.3.rel1.win32_1.1.0.202410251130/tools/bin/../lib/gcc/arm-none-eabi/12.3.1/../../../../arm-none-eabi/lib/thumb/v7e-m+fp/hard\libc.a
LOAD C:/ST/STM32CubeIDE_1.17.0/STM32CubeIDE/plugins/com.st.stm32cube.ide.mcu.externaltools.gnu-tools-for-stm32.12.3.rel1.win32_1.1.0.202410251130/tools/bin/../lib/gcc/arm-none-eabi/12.3.1/../../../../arm-none-eabi/lib/thumb/v7e-m+fp/hard\libm.a
LOAD C:/ST/STM32CubeIDE_1.17.0/STM32CubeIDE/plugins/com.st.stm32cube.ide.mcu.externaltools.gnu-tools-for-stm32.12.3.rel1.win32_1.1.0.202410251130/tools/bin/../lib/gcc/arm-none-eabi/12.3.1/thumb/v7e-m+fp/hard\libgcc.a

.debug_info     0x00000000    0x1458b
 .debug_info    0x00000000      0x23b ./Core/Src/AI_Driver.o
 .debug_info    0x0000023b      0x635 ./Core/Src/ApplicationCode.o
 .debug_info    0x00000870      0x504 ./Core/Src/Board_Driver.o
 .debug_info    0x00000d74     0x1090 ./Core/Src/LCD_Driver.o
 .debug_info    0x00001e04      0x578 ./Core/Src/Screen_Driver.o
 .debug_info    0x0000237c      0x145 ./Core/Src/fonts.o
 .debug_info    0x000024c1      0xc85 ./Core/Src/ili9341.o
 .debug_info    0x00003146     0x1afb ./Core/Src/main.o
 .debug_info    0x00004c41     0x17b6 ./Core/Src/stm32f4xx_hal_msp.o
 .debug_info    0x000063f7      0x112 ./Core/Src/stm32f4xx_it.o
 .debug_info    0x00006509      0xdd6 ./Core/Src/stmpe811.o
 .debug_info    0x000072df      0x6a3 ./Core/Src/syscalls.o
 .debug_info    0x00007982      0x168 ./Core/Src/sysmem.o
 .debug_info    0x00007aea      0x52e ./Core/Src/system_stm32f4xx.o
 .debug_info    0x00008018       0x30 ./Core/Startup/startup_stm32f429zitx.o
 .debug_info    0x00008048      0x9ba ./Drivers/STM32F4xx_HAL_Driver/Src/stm32f4xx_hal.o
 .debug_info    0x00008a02      0xdc2 ./Drivers/STM32F4xx_HAL_Driver/Src/stm32f4xx_hal_cortex.o
 .debug_info    0x000097c4      0x4f4 ./Drivers/STM32F4xx_HAL_Driver/Src/stm32f4xx_hal_exti.o
 .debug_info    0x00009cb8      0x6db ./Drivers/STM32F4xx_HAL_Driver/Src/stm32f4xx_hal_gpio.o
 .debug_info    0x0000a393     0x2421 ./Drivers/STM32F4xx_HAL_Driver/Src/stm32f4xx_hal_i2c.o
 .debug_info    0x0000c7b4      0x672 ./Drivers/STM32F4xx_HAL_Driver/Src/stm32f4xx_hal_i2c_ex.o
 .debug_info    0x0000ce26     0x1022 ./Drivers/STM32F4xx_HAL_Driver/Src/stm32f4xx_hal_ltdc.o
 .debug_info    0x0000de48      0x8c7 ./Drivers/STM32F4xx_HAL_Driver/Src/stm32f4xx_hal_rcc.o
 .debug_info    0x0000e70f      0x64c ./Drivers/STM32F4xx_HAL_Driver/Src/stm32f4xx_hal_rcc_ex.o
 .debug_info    0x0000ed5b      0x493 ./Drivers/STM32F4xx_HAL_Driver/Src/stm32f4xx_hal_rng.o
 .debug_info    0x0000f1ee     0x1525 ./Drivers/STM32F4xx_HAL_Driver/Src/stm32f4xx_hal_spi.o
 .debug_info    0x00010713     0x299d ./Drivers/STM32F4xx_HAL_Driver/Src/stm32f4xx_hal_tim.o
 .debug_info    0x000130b0     0x14db ./Drivers/STM32F4xx_HAL_Driver/Src/stm32f4xx_hal_tim_ex.o

.debug_abbrev   0x00000000     0x36cd
 .debug_abbrev  0x00000000      0x135 ./Core/Src/AI_Driver.o
 .debug_abbrev  0x00000135      0x1d8 ./Core/Src/ApplicationCode.o
 .debug_abbrev  0x0000030d      0x232 ./Core/Src/Board_Driver.o
 .debug_abbrev  0x0000053f      0x33e ./Core/Src/LCD_Driver.o
 .debug_abbrev  0x0000087d      0x213 ./Core/Src/Screen_Driver.o
 .debug_abbrev  0x00000a90       0xc6 ./Core/Src/fonts.o
 .debug_abbrev  0x00000b56      0x2c9 ./Core/Src/ili9341.o
 .debug_abbrev  0x00000e1f      0x2c4 ./Core/Src/main.o
 .debug_abbrev  0x000010e3      0x25c ./Core/Src/stm32f4xx_hal_msp.o
 .debug_abbrev  0x0000133f       0x73 ./Core/Src/stm32f4xx_it.o
 .debug_abbrev  0x000013b2      0x2c9 ./Core/Src/stmpe811.o
 .debug_abbrev  0x0000167b      0x1b6 ./Core/Src/syscalls.o
 .debug_abbrev  0x00001831       0xbc ./Core/Src/sysmem.o
 .debug_abbrev  0x000018ed      0x11a ./Core/Src/system_stm32f4xx.o
 .debug_abbrev  0x00001a07       0x24 ./Core/Startup/startup_stm32f429zitx.o
 .debug_abbrev  0x00001a2b      0x214 ./Drivers/STM32F4xx_HAL_Driver/Src/stm32f4xx_hal.o
 .debug_abbrev  0x00001c3f      0x31d ./Drivers/STM32F4xx_HAL_Driver/Src/stm32f4xx_hal_cortex.o
 .debug_abbrev  0x00001f5c      0x1c6 ./Drivers/STM32F4xx_HAL_Driver/Src/stm32f4xx_hal_exti.o
 .debug_abbrev  0x00002122      0x1d4 ./Drivers/STM32F4xx_HAL_Driver/Src/stm32f4xx_hal_gpio.o
 .debug_abbrev  0x000022f6      0x2ad ./Drivers/STM32F4xx_HAL_Driver/Src/stm32f4xx_hal_i2c.o
 .debug_abbrev  0x000025a3      0x157 ./Drivers/STM32F4xx_HAL_Driver/Src/stm32f4xx_hal_i2c_ex.o
 .debug_abbrev  0x000026fa      0x233 ./Drivers/STM32F4xx_HAL_Driver/Src/stm32f4xx_hal_ltdc.o
 .debug_abbrev  0x0000292d      0x2b7 ./Drivers/STM32F4xx_HAL_Driver/Src/stm32f4xx_hal_rcc.o
 .debug_abbrev  0x00002be4      0x1b0 ./Drivers/STM32F4xx_HAL_Driver/Src/stm32f4xx_hal_rcc_ex.o
 .debug_abbrev  0x00002d94      0x1c4 ./Drivers/STM32F4xx_HAL_Driver/Src/stm32f4xx_hal_rng.o
 .debug_abbrev  0x00002f58      0x27a ./Drivers/STM32F4xx_HAL_Driver/Src/stm32f4xx_hal_spi.o
 .debug_abbrev  0x000031d2      0x278 ./Drivers/STM32F4xx_HAL_Driver/Src/stm32f4xx_hal_tim.o
 .debug_abbrev  0x0000344a      0x283 ./Drivers/STM32F4xx_HAL_Driver/Src/stm32f4xx_hal_tim_ex.o

.debug_aranges  0x00000000     0x1530
 .debug_aranges
                0x00000000       0x28 ./Core/Src/AI_Driver.o
 .debug_aranges
                0x00000028       0x58 ./Core/Src/ApplicationCode.o
 .debug_aranges
                0x00000080       0x78 ./Core/Src/Board_Driver.o
 .debug_aranges
                0x000000f8       0xc8 ./Core/Src/LCD_Driver.o
 .debug_aranges
                0x000001c0       0x80 ./Core/Src/Screen_Driver.o
 .debug_aranges
                0x00000240       0x18 ./Core/Src/fonts.o
 .debug_aranges
                0x00000258       0x98 ./Core/Src/ili9341.o
 .debug_aranges
                0x000002f0       0x50 ./Core/Src/main.o
 .debug_aranges
                0x00000340       0x70 ./Core/Src/stm32f4xx_hal_msp.o
 .debug_aranges
                0x000003b0       0x60 ./Core/Src/stm32f4xx_it.o
 .debug_aranges
                0x00000410       0x88 ./Core/Src/stmpe811.o
 .debug_aranges
                0x00000498       0xa8 ./Core/Src/syscalls.o
 .debug_aranges
                0x00000540       0x20 ./Core/Src/sysmem.o
 .debug_aranges
                0x00000560       0x28 ./Core/Src/system_stm32f4xx.o
 .debug_aranges
                0x00000588       0x28 ./Core/Startup/startup_stm32f429zitx.o
 .debug_aranges
                0x000005b0      0x100 ./Drivers/STM32F4xx_HAL_Driver/Src/stm32f4xx_hal.o
 .debug_aranges
                0x000006b0      0x130 ./Drivers/STM32F4xx_HAL_Driver/Src/stm32f4xx_hal_cortex.o
 .debug_aranges
                0x000007e0       0x60 ./Drivers/STM32F4xx_HAL_Driver/Src/stm32f4xx_hal_exti.o
 .debug_aranges
                0x00000840       0x58 ./Drivers/STM32F4xx_HAL_Driver/Src/stm32f4xx_hal_gpio.o
 .debug_aranges
                0x00000898      0x2a8 ./Drivers/STM32F4xx_HAL_Driver/Src/stm32f4xx_hal_i2c.o
 .debug_aranges
                0x00000b40       0x28 ./Drivers/STM32F4xx_HAL_Driver/Src/stm32f4xx_hal_i2c_ex.o
 .debug_aranges
                0x00000b68      0x158 ./Drivers/STM32F4xx_HAL_Driver/Src/stm32f4xx_hal_ltdc.o
 .debug_aranges
                0x00000cc0       0x88 ./Drivers/STM32F4xx_HAL_Driver/Src/stm32f4xx_hal_rcc.o
 .debug_aranges
                0x00000d48       0x58 ./Drivers/STM32F4xx_HAL_Driver/Src/stm32f4xx_hal_rcc_ex.o
 .debug_aranges
                0x00000da0       0x88 ./Drivers/STM32F4xx_HAL_Driver/Src/stm32f4xx_hal_rng.o
 .debug_aranges
                0x00000e28      0x1d0 ./Drivers/STM32F4xx_HAL_Driver/Src/stm32f4xx_hal_spi.o
 .debug_aranges
                0x00000ff8      0x3d0 ./Drivers/STM32F4xx_HAL_Driver/Src/stm32f4xx_hal_tim.o
 .debug_aranges
                0x000013c8      0x168 ./Drivers/STM32F4xx_HAL_Driver/Src/stm32f4xx_hal_tim_ex.o

.debug_rnglists
                0x00000000     0x1044
 .debug_rnglists
                0x00000000       0x19 ./Core/Src/AI_Driver.o
 .debug_rnglists
                0x00000019       0x3d ./Core/Src/ApplicationCode.o
 .debug_rnglists
                0x00000056       0x59 ./Core/Src/Board_Driver.o
 .debug_rnglists
                0x000000af       0x97 ./Core/Src/LCD_Driver.o
 .debug_rnglists
                0x00000146       0x5e ./Core/Src/Screen_Driver.o
 .debug_rnglists
                0x000001a4       0x6f ./Core/Src/ili9341.o
 .debug_rnglists
                0x00000213       0x3c ./Core/Src/main.o
 .debug_rnglists
                0x0000024f       0x53 ./Core/Src/stm32f4xx_hal_msp.o
 .debug_rnglists
                0x000002a2       0x43 ./Core/Src/stm32f4xx_it.o
 .debug_rnglists
                0x000002e5       0x67 ./Core/Src/stmpe811.o
 .debug_rnglists
                0x0000034c       0x79 ./Core/Src/syscalls.o
 .debug_rnglists
                0x000003c5       0x13 ./Core/Src/sysmem.o
 .debug_rnglists
                0x000003d8       0x1a ./Core/Src/system_stm32f4xx.o
 .debug_rnglists
                0x000003f2       0x19 ./Core/Startup/startup_stm32f429zitx.o
 .debug_rnglists
                0x0000040b       0xbb ./Drivers/STM32F4xx_HAL_Driver/Src/stm32f4xx_hal.o
 .debug_rnglists
                0x000004c6       0xe0 ./Drivers/STM32F4xx_HAL_Driver/Src/stm32f4xx_hal_cortex.o
 .debug_rnglists
                0x000005a6       0x46 ./Drivers/STM32F4xx_HAL_Driver/Src/stm32f4xx_hal_exti.o
 .debug_rnglists
                0x000005ec       0x3f ./Drivers/STM32F4xx_HAL_Driver/Src/stm32f4xx_hal_gpio.o
 .debug_rnglists
                0x0000062b      0x23c ./Drivers/STM32F4xx_HAL_Driver/Src/stm32f4xx_hal_i2c.o
 .debug_rnglists
                0x00000867       0x19 ./Drivers/STM32F4xx_HAL_Driver/Src/stm32f4xx_hal_i2c_ex.o
 .debug_rnglists
                0x00000880      0x10a ./Drivers/STM32F4xx_HAL_Driver/Src/stm32f4xx_hal_ltdc.o
 .debug_rnglists
                0x0000098a       0x66 ./Drivers/STM32F4xx_HAL_Driver/Src/stm32f4xx_hal_rcc.o
 .debug_rnglists
                0x000009f0       0x43 ./Drivers/STM32F4xx_HAL_Driver/Src/stm32f4xx_hal_rcc_ex.o
 .debug_rnglists
                0x00000a33       0x63 ./Drivers/STM32F4xx_HAL_Driver/Src/stm32f4xx_hal_rng.o
 .debug_rnglists
                0x00000a96      0x16f ./Drivers/STM32F4xx_HAL_Driver/Src/stm32f4xx_hal_spi.o
 .debug_rnglists
                0x00000c05      0x31a ./Drivers/STM32F4xx_HAL_Driver/Src/stm32f4xx_hal_tim.o
 .debug_rnglists
                0x00000f1f      0x125 ./Drivers/STM32F4xx_HAL_Driver/Src/stm32f4xx_hal_tim_ex.o

.debug_macro    0x00000000    0x277ac
 .debug_macro   0x00000000      0x215 ./Core/Src/AI_Driver.o
 .debug_macro   0x00000215      0xab4 ./Core/Src/AI_Driver.o
 .debug_macro   0x00000cc9      0x2ad ./Core/Src/AI_Driver.o
 .debug_macro   0x00000f76       0x2e ./Core/Src/AI_Driver.o
 .debug_macro   0x00000fa4       0x28 ./Core/Src/AI_Driver.o
 .debug_macro   0x00000fcc       0x22 ./Core/Src/AI_Driver.o
 .debug_macro   0x00000fee       0x8e ./Core/Src/AI_Driver.o
 .debug_macro   0x0000107c       0x51 ./Core/Src/AI_Driver.o
 .debug_macro   0x000010cd      0x103 ./Core/Src/AI_Driver.o
 .debug_macro   0x000011d0       0x6a ./Core/Src/AI_Driver.o
 .debug_macro   0x0000123a      0x1df ./Core/Src/AI_Driver.o
 .debug_macro   0x00001419       0x1c ./Core/Src/AI_Driver.o
 .debug_macro   0x00001435       0x22 ./Core/Src/AI_Driver.o
 .debug_macro   0x00001457       0xfb ./Core/Src/AI_Driver.o
 .debug_macro   0x00001552     0x1011 ./Core/Src/AI_Driver.o
 .debug_macro   0x00002563      0x11f ./Core/Src/AI_Driver.o
 .debug_macro   0x00002682    0x17fd8 ./Core/Src/AI_Driver.o
 .debug_macro   0x0001a65a       0x6d ./Core/Src/AI_Driver.o
 .debug_macro   0x0001a6c7     0x3711 ./Core/Src/AI_Driver.o
 .debug_macro   0x0001ddd8      0x189 ./Core/Src/AI_Driver.o
 .debug_macro   0x0001df61       0x5c ./Core/Src/AI_Driver.o
 .debug_macro   0x0001dfbd      0xcba ./Core/Src/AI_Driver.o
 .debug_macro   0x0001ec77      0x9e9 ./Core/Src/AI_Driver.o
 .debug_macro   0x0001f660      0x115 ./Core/Src/AI_Driver.o
 .debug_macro   0x0001f775      0x156 ./Core/Src/AI_Driver.o
 .debug_macro   0x0001f8cb       0xa5 ./Core/Src/AI_Driver.o
 .debug_macro   0x0001f970      0x182 ./Core/Src/AI_Driver.o