2025-04-17 12:28:08,488 [INFO] WebApp:190 - Connection lost
2025-04-17 12:28:15,915 [INFO] WebApp:187 - Connection restablished
2025-04-17 12:28:18,252 [INFO] WebApp:190 - Connection lost
2025-04-17 12:28:18,355 [INFO] WebApp:187 - Connection restablished
2025-04-17 12:38:07,304 [INFO] WebApp:190 - Connection lost
2025-04-17 12:38:07,435 [INFO] WebApp:187 - Connection restablished
2025-04-17 13:48:23,655 [INFO] Activator:176 - 


2025-04-17 13:48:23,657 [INFO] Activator:177 - !SESSION log4j initialized
2025-04-17 13:48:29,174 [INFO] LogOutputStream:77 - [STDOUT_REDIRECT] 
2025-04-17 13:48:30,740 [INFO] ApplicationProperties:184 - Using Application install path: C:\ST\STM32CubeIDE_1.17.0\STM32CubeIDE\plugins\com.st.stm32cube.common.mx_6.13.0.202411220809
2025-04-17 13:48:30,760 [INFO] DbMcusXml:78 - Set database path to: C:\ST\STM32CubeIDE_1.17.0\STM32CubeIDE\plugins\com.st.stm32cube.common.mx_6.13.0.202411220809\\db\/mcu/
2025-04-17 13:48:30,760 [INFO] ApiDb:274 - Set plugin database path to: C:\ST\STM32CubeIDE_1.17.0\STM32CubeIDE\plugins\com.st.stm32cube.common.mx_6.13.0.202411220809\\db\/plugins/boardmanager/
2025-04-17 13:48:30,760 [WARN] ApiDb:259 - Overriding images path with different value:  => C:\ST\STM32CubeIDE_1.17.0\STM32CubeIDE\plugins\com.st.stm32cube.common.mx_6.13.0.202411220809\\db\/plugins/mcufinder/images/
2025-04-17 13:48:30,770 [INFO] ApiDb:250 - Set database path to: C:\Users\jackb\.stmcufinder\plugins\mcufinder//mcu/
2025-04-17 13:48:30,771 [INFO] DbMcusAds:125 - Set database path to: C:\Users\jackb\.stmcufinder\plugins\mcufinder//mcu/
2025-04-17 13:48:30,775 [INFO] CrossReferenceDbSqlite:203 - Set database path to: C:\Users\jackb\.stmcufinder\plugins\mcufinder//mcu/cs/
2025-04-17 13:48:30,909 [INFO] RulesReader:64 - Compatibility file has been processed (297 Rules)
2025-04-17 13:48:31,012 [INFO] DbMcusXml:78 - Set database path to: C:\ST\STM32CubeIDE_1.17.0\STM32CubeIDE\plugins\com.st.stm32cube.common.mx_6.13.0.202411220809\\db\/mcu/
2025-04-17 13:48:31,012 [INFO] ApiDb:274 - Set plugin database path to: C:\ST\STM32CubeIDE_1.17.0\STM32CubeIDE\plugins\com.st.stm32cube.common.mx_6.13.0.202411220809\\db\/plugins/boardmanager/
2025-04-17 13:48:31,012 [INFO] ApiDb:261 - Set plugin images path to: C:\ST\STM32CubeIDE_1.17.0\STM32CubeIDE\plugins\com.st.stm32cube.common.mx_6.13.0.202411220809\\db\/plugins/mcufinder/images/
2025-04-17 13:48:31,012 [WARN] DbFile:41 - Overriding database path with different value: C:\Users\jackb\.stmcufinder\plugins\mcufinder/ => C:\Users\jackb\.stmcufinder\plugins\mcufinder
2025-04-17 13:48:31,012 [INFO] ApiDb:250 - Set database path to: C:\Users\jackb\.stmcufinder\plugins\mcufinder//mcu/
2025-04-17 13:48:31,012 [WARN] DbFile:41 - Overriding database path with different value: C:\Users\jackb\.stmcufinder\plugins\mcufinder/ => C:\Users\jackb\.stmcufinder\plugins\mcufinder
2025-04-17 13:48:31,012 [INFO] DbMcusAds:125 - Set database path to: C:\Users\jackb\.stmcufinder\plugins\mcufinder//mcu/
2025-04-17 13:48:31,012 [WARN] DbFile:41 - Overriding database path with different value: C:\Users\jackb\.stmcufinder\plugins\mcufinder/ => C:\Users\jackb\.stmcufinder\plugins\mcufinder
2025-04-17 13:48:31,013 [WARN] DbFile:41 - Overriding database path with different value: C:\Users\jackb\.stmcufinder\plugins\mcufinder/ => C:\Users\jackb\.stmcufinder\plugins\mcufinder
2025-04-17 13:48:31,013 [INFO] CrossReferenceDbSqlite:203 - Set database path to: C:\Users\jackb\.stmcufinder\plugins\mcufinder//mcu/cs/
2025-04-17 13:48:31,096 [INFO] MainPanel:272 - HeapMemory: 268435456
2025-04-17 13:48:31,215 [INFO] DbMcusXml:78 - Set database path to: C:\ST\STM32CubeIDE_1.17.0\STM32CubeIDE\plugins\com.st.stm32cube.common.mx_6.13.0.202411220809\\db\/mcu/
2025-04-17 13:48:31,215 [INFO] ApiDb:274 - Set plugin database path to: C:\ST\STM32CubeIDE_1.17.0\STM32CubeIDE\plugins\com.st.stm32cube.common.mx_6.13.0.202411220809\\db\/plugins/boardmanager/
2025-04-17 13:48:31,215 [INFO] ApiDb:261 - Set plugin images path to: C:\ST\STM32CubeIDE_1.17.0\STM32CubeIDE\plugins\com.st.stm32cube.common.mx_6.13.0.202411220809\\db\/plugins/mcufinder/images/
2025-04-17 13:48:31,216 [WARN] DbFile:41 - Overriding database path with different value: C:\Users\jackb\.stmcufinder\plugins\mcufinder/ => C:\Users\jackb\.stmcufinder\plugins\mcufinder
2025-04-17 13:48:31,216 [INFO] ApiDb:250 - Set database path to: C:\Users\jackb\.stmcufinder\plugins\mcufinder//mcu/
2025-04-17 13:48:31,216 [WARN] DbFile:41 - Overriding database path with different value: C:\Users\jackb\.stmcufinder\plugins\mcufinder/ => C:\Users\jackb\.stmcufinder\plugins\mcufinder
2025-04-17 13:48:31,216 [INFO] DbMcusAds:125 - Set database path to: C:\Users\jackb\.stmcufinder\plugins\mcufinder//mcu/
2025-04-17 13:48:31,216 [WARN] DbFile:41 - Overriding database path with different value: C:\Users\jackb\.stmcufinder\plugins\mcufinder/ => C:\Users\jackb\.stmcufinder\plugins\mcufinder
2025-04-17 13:48:31,216 [WARN] DbFile:41 - Overriding database path with different value: C:\Users\jackb\.stmcufinder\plugins\mcufinder/ => C:\Users\jackb\.stmcufinder\plugins\mcufinder
2025-04-17 13:48:31,216 [INFO] CrossReferenceDbSqlite:203 - Set database path to: C:\Users\jackb\.stmcufinder\plugins\mcufinder//mcu/cs/
2025-04-17 13:48:31,236 [INFO] ApplicationProperties:184 - Using Application install path: C:\ST\STM32CubeIDE_1.17.0\STM32CubeIDE\plugins\com.st.stm32cube.common.mx_6.13.0.202411220809
2025-04-17 13:48:31,238 [INFO] PluginManage:196 - Search for loadable plugins [exclusion list=, ]
2025-04-17 13:48:31,239 [INFO] PluginManage:310 - Check plugin analytics
2025-04-17 13:48:31,388 [INFO] AnalyticsPlugin:253 - Accepted Software Licenses: 
2025-04-17 13:48:31,388 [INFO] AnalyticsPlugin:255 - Accepted CMSIS Pack Licenses: 
2025-04-17 13:48:31,388 [INFO] AnalyticsPlugin:257 - Accepted Firmware Licenses: FW.F4.1.28.0
2025-04-17 13:48:31,391 [INFO] PluginManage:359 - Loaded plugin analytics (category:tool,tabindex:-1)
2025-04-17 13:48:31,391 [INFO] PluginManage:310 - Check plugin cadmodel
2025-04-17 13:48:31,413 [INFO] CADModel:105 - Init CAD model plugin
2025-04-17 13:48:31,413 [INFO] PluginManage:359 - Loaded plugin cadmodel (category:power,tabindex:5)
2025-04-17 13:48:31,413 [INFO] PluginManage:310 - Check plugin clock
2025-04-17 13:48:31,434 [INFO] PluginManage:359 - Loaded plugin clock (category:base,tabindex:2)
2025-04-17 13:48:31,434 [INFO] PluginManage:310 - Check plugin ddr
2025-04-17 13:48:31,437 [INFO] PluginManage:359 - Loaded plugin ddr (category:tool,tabindex:6)
2025-04-17 13:48:31,437 [INFO] PluginManage:310 - Check plugin filemanager
2025-04-17 13:48:31,579 [INFO] PluginManage:359 - Loaded plugin filemanager (category:base,tabindex:10)
2025-04-17 13:48:31,579 [INFO] PluginManage:310 - Check plugin ipmanager
2025-04-17 13:48:31,587 [INFO] PluginManage:359 - Loaded plugin ipmanager (category:base,tabindex:5)
2025-04-17 13:48:31,587 [INFO] PluginManage:310 - Check plugin lpbam
2025-04-17 13:48:31,611 [INFO] PluginManage:359 - Loaded plugin lpbam (category:base,tabindex:0)
2025-04-17 13:48:31,611 [INFO] PluginManage:310 - Check plugin memorymap
2025-04-17 13:48:31,641 [INFO] PluginManage:359 - Loaded plugin memorymap (category:base,tabindex:4)
2025-04-17 13:48:31,641 [INFO] PluginManage:310 - Check plugin pinoutandconfiguration
2025-04-17 13:48:31,672 [INFO] PluginManage:359 - Loaded plugin pinoutandconfiguration (category:base,tabindex:1)
2025-04-17 13:48:31,672 [INFO] PluginManage:310 - Check plugin pinoutconfig
2025-04-17 13:48:31,838 [WARN] SupportedApi:132 - Cannot load RTOS API schema: s4s-elt-must-match.1: The content of 'definitions' must match (annotation?, (simpleType | complexType)?, (unique | key | keyref)*)). A problem was found starting at: attribute.
2025-04-17 13:48:32,056 [INFO] PluginManage:359 - Loaded plugin pinoutconfig (category:base,tabindex:0)
2025-04-17 13:48:32,056 [INFO] PluginManage:310 - Check plugin power
2025-04-17 13:48:32,084 [INFO] PluginManage:359 - Loaded plugin power (category:power,tabindex:4)
2025-04-17 13:48:32,085 [INFO] PluginManage:310 - Check plugin projectmanager
2025-04-17 13:48:32,104 [INFO] PluginManage:359 - Loaded plugin projectmanager (category:projectmanager,tabindex:4)
2025-04-17 13:48:32,105 [INFO] PluginManage:310 - Check plugin rif
2025-04-17 13:48:32,132 [INFO] PluginManage:359 - Loaded plugin rif (category:base,tabindex:3)
2025-04-17 13:48:32,132 [INFO] PluginManage:310 - Check plugin thirdparty
2025-04-17 13:48:32,514 [INFO] PluginManage:359 - Loaded plugin thirdparty (category:base,tabindex:-1)
2025-04-17 13:48:32,514 [WARN] IntegrityCheckThread:84 - waiting for thirdparty lock release [integrity check]
2025-04-17 13:48:32,514 [INFO] IntegrityCheckThread:86 - entering critical section [integrity check]
2025-04-17 13:48:32,514 [INFO] PluginManage:310 - Check plugin tools
2025-04-17 13:48:32,515 [INFO] ThirdPartyUpdaterWithRetryManager:70 - Updater plugin not ready yet. [1/15]
2025-04-17 13:48:32,567 [INFO] PluginManage:359 - Loaded plugin tools (category:base,tabindex:7)
2025-04-17 13:48:32,567 [INFO] PluginManage:310 - Check plugin tutovideos
2025-04-17 13:48:32,824 [INFO] PluginManage:359 - Loaded plugin tutovideos (category:base,tabindex:-1)
2025-04-17 13:48:32,825 [INFO] PluginManage:310 - Check plugin updater
2025-04-17 13:48:32,852 [INFO] PluginManage:359 - Loaded plugin updater (category:base,tabindex:12)
2025-04-17 13:48:32,852 [INFO] PluginManage:310 - Check plugin userauth
2025-04-17 13:48:32,859 [INFO] UserAuth:118 - Init User Auth plugin
2025-04-17 13:48:32,860 [INFO] PluginManage:359 - Loaded plugin userauth (category:base,tabindex:14)
2025-04-17 13:48:32,861 [INFO] PluginManage:283 - PluginManage : Loaded plugins [18]
2025-04-17 13:48:33,106 [INFO] PinOutPanel:1589 - setPackage(No Configuration,No Configuration)
2025-04-17 13:48:33,221 [INFO] CADModel:165 - CPN selected for project level
2025-04-17 13:48:33,221 [INFO] CADModel:114 - Register for checkConnection events
2025-04-17 13:48:33,281 [INFO] IPUIPlugin:80 - create IPUIPlugin
2025-04-17 13:48:33,282 [INFO] PluginManager:220 - loadIPPluginJar : add adc
2025-04-17 13:48:33,414 [INFO] IPUIPlugin:80 - create IPUIPlugin
2025-04-17 13:48:33,415 [INFO] PluginManager:220 - loadIPPluginJar : add aes
2025-04-17 13:48:33,558 [INFO] IPUIPlugin:80 - create IPUIPlugin
2025-04-17 13:48:33,558 [INFO] PluginManager:220 - loadIPPluginJar : add can
2025-04-17 13:48:33,643 [INFO] IPUIPlugin:80 - create IPUIPlugin
2025-04-17 13:48:33,643 [INFO] PluginManager:220 - loadIPPluginJar : add comp
2025-04-17 13:48:33,726 [INFO] IPUIPlugin:80 - create IPUIPlugin
2025-04-17 13:48:33,727 [INFO] PluginManager:220 - loadIPPluginJar : add cryp
2025-04-17 13:48:33,756 [INFO] IPUIPlugin:80 - create IPUIPlugin
2025-04-17 13:48:33,756 [INFO] PluginManager:220 - loadIPPluginJar : add ddr_ctrl_phy
2025-04-17 13:48:33,837 [INFO] IPUIPlugin:80 - create IPUIPlugin
2025-04-17 13:48:33,838 [INFO] PluginManager:220 - loadIPPluginJar : add dfsdm
2025-04-17 13:48:33,869 [INFO] IPUIPlugin:80 - create IPUIPlugin
2025-04-17 13:48:33,870 [INFO] PluginManager:220 - loadIPPluginJar : add dma
2025-04-17 13:48:33,978 [INFO] IPUIPlugin:80 - create IPUIPlugin
2025-04-17 13:48:33,979 [INFO] PluginManager:220 - loadIPPluginJar : add dma3
2025-04-17 13:48:34,061 [INFO] IPUIPlugin:80 - create IPUIPlugin
2025-04-17 13:48:34,062 [INFO] PluginManager:220 - loadIPPluginJar : add extmemmanager
2025-04-17 13:48:34,100 [INFO] IPUIPlugin:80 - create IPUIPlugin
2025-04-17 13:48:34,100 [INFO] PluginManager:220 - loadIPPluginJar : add fatfs
2025-04-17 13:48:34,178 [INFO] IPUIPlugin:80 - create IPUIPlugin
2025-04-17 13:48:34,178 [INFO] PluginManager:220 - loadIPPluginJar : add fmc
2025-04-17 13:48:34,209 [INFO] IPUIPlugin:80 - create IPUIPlugin
2025-04-17 13:48:34,210 [INFO] PluginManager:220 - loadIPPluginJar : add freertos
2025-04-17 13:48:34,244 [INFO] IPUIPlugin:80 - create IPUIPlugin
2025-04-17 13:48:34,244 [INFO] PluginManager:220 - loadIPPluginJar : add genericplugin
2025-04-17 13:48:34,380 [INFO] IPUIPlugin:80 - create IPUIPlugin
2025-04-17 13:48:34,381 [INFO] PluginManager:220 - loadIPPluginJar : add gfxmmu
2025-04-17 13:48:34,568 [INFO] IPUIPlugin:80 - create IPUIPlugin
2025-04-17 13:48:34,568 [INFO] PluginManager:220 - loadIPPluginJar : add gic
2025-04-17 13:48:34,585 [INFO] IPUIPlugin:80 - create IPUIPlugin
2025-04-17 13:48:34,585 [INFO] PluginManager:220 - loadIPPluginJar : add gpio
2025-04-17 13:48:34,709 [INFO] IPUIPlugin:80 - create IPUIPlugin
2025-04-17 13:48:34,709 [INFO] PluginManager:220 - loadIPPluginJar : add gtzc
2025-04-17 13:48:34,757 [INFO] IPUIPlugin:80 - create IPUIPlugin
2025-04-17 13:48:34,757 [INFO] PluginManager:220 - loadIPPluginJar : add hash
2025-04-17 13:48:34,844 [INFO] IPUIPlugin:80 - create IPUIPlugin
2025-04-17 13:48:34,844 [INFO] PluginManager:220 - loadIPPluginJar : add i2c
2025-04-17 13:48:34,901 [INFO] IPUIPlugin:80 - create IPUIPlugin
2025-04-17 13:48:34,901 [INFO] PluginManager:220 - loadIPPluginJar : add i2s
2025-04-17 13:48:34,963 [INFO] IPUIPlugin:80 - create IPUIPlugin
2025-04-17 13:48:34,963 [INFO] PluginManager:220 - loadIPPluginJar : add i3c
2025-04-17 13:48:35,128 [INFO] IPUIPlugin:80 - create IPUIPlugin
2025-04-17 13:48:35,128 [INFO] PluginManager:220 - loadIPPluginJar : add ipddr
2025-04-17 13:48:35,288 [INFO] IPUIPlugin:80 - create IPUIPlugin
2025-04-17 13:48:35,288 [INFO] PluginManager:220 - loadIPPluginJar : add linkedlist
2025-04-17 13:48:35,339 [INFO] IPUIPlugin:80 - create IPUIPlugin
2025-04-17 13:48:35,339 [INFO] PluginManager:220 - loadIPPluginJar : add lorawan
2025-04-17 13:48:35,398 [INFO] IPUIPlugin:80 - create IPUIPlugin
2025-04-17 13:48:35,398 [INFO] PluginManager:220 - loadIPPluginJar : add ltdc
2025-04-17 13:48:35,413 [INFO] IPUIPlugin:80 - create IPUIPlugin
2025-04-17 13:48:35,415 [INFO] PluginManager:220 - loadIPPluginJar : add mdma
2025-04-17 13:48:35,435 [INFO] IPUIPlugin:80 - create IPUIPlugin
2025-04-17 13:48:35,435 [INFO] PluginManager:220 - loadIPPluginJar : add nvic
2025-04-17 13:48:35,489 [INFO] IPUIPlugin:80 - create IPUIPlugin
2025-04-17 13:48:35,489 [INFO] PluginManager:220 - loadIPPluginJar : add opamp
2025-04-17 13:48:35,516 [INFO] ThirdPartyUpdaterWithRetryManager:70 - Updater plugin not ready yet. [2/15]
2025-04-17 13:48:35,604 [INFO] IPUIPlugin:80 - create IPUIPlugin
2025-04-17 13:48:35,604 [INFO] PluginManager:220 - loadIPPluginJar : add openamp
2025-04-17 13:48:35,688 [INFO] IPUIPlugin:80 - create IPUIPlugin
2025-04-17 13:48:35,688 [INFO] PluginManager:220 - loadIPPluginJar : add pdm2pcm
2025-04-17 13:48:35,711 [INFO] IPUIPlugin:80 - create IPUIPlugin
2025-04-17 13:48:35,713 [INFO] PluginManager:220 - loadIPPluginJar : add plateformsettings
2025-04-17 13:48:35,753 [INFO] IPUIPlugin:80 - create IPUIPlugin
2025-04-17 13:48:35,753 [INFO] PluginManager:220 - loadIPPluginJar : add quadspi
2025-04-17 13:48:35,796 [INFO] IPUIPlugin:80 - create IPUIPlugin
2025-04-17 13:48:35,797 [INFO] PluginManager:220 - loadIPPluginJar : add radio
2025-04-17 13:48:35,816 [INFO] IPUIPlugin:80 - create IPUIPlugin
2025-04-17 13:48:35,817 [INFO] PluginManager:220 - loadIPPluginJar : add resmgrutility
2025-04-17 13:48:35,886 [INFO] IPUIPlugin:80 - create IPUIPlugin
2025-04-17 13:48:35,886 [INFO] PluginManager:220 - loadIPPluginJar : add sai
2025-04-17 13:48:35,939 [INFO] IPUIPlugin:80 - create IPUIPlugin
2025-04-17 13:48:35,939 [INFO] PluginManager:220 - loadIPPluginJar : add spi
2025-04-17 13:48:36,028 [INFO] IPUIPlugin:80 - create IPUIPlugin
2025-04-17 13:48:36,028 [INFO] PluginManager:220 - loadIPPluginJar : add stm32_wpan
2025-04-17 13:48:36,073 [INFO] IPUIPlugin:80 - create IPUIPlugin
2025-04-17 13:48:36,073 [INFO] PluginManager:220 - loadIPPluginJar : add tim
2025-04-17 13:48:36,171 [INFO] IPUIPlugin:80 - create IPUIPlugin
2025-04-17 13:48:36,171 [INFO] PluginManager:220 - loadIPPluginJar : add touchsensing
2025-04-17 13:48:36,208 [INFO] IPUIPlugin:80 - create IPUIPlugin
2025-04-17 13:48:36,208 [INFO] PluginManager:220 - loadIPPluginJar : add tracer_emb
2025-04-17 13:48:36,254 [INFO] IPUIPlugin:80 - create IPUIPlugin
2025-04-17 13:48:36,254 [INFO] PluginManager:220 - loadIPPluginJar : add ts
2025-04-17 13:48:36,292 [INFO] IPUIPlugin:80 - create IPUIPlugin
2025-04-17 13:48:36,292 [INFO] PluginManager:220 - loadIPPluginJar : add tsc
2025-04-17 13:48:36,326 [INFO] IPUIPlugin:80 - create IPUIPlugin
2025-04-17 13:48:36,326 [INFO] PluginManager:220 - loadIPPluginJar : add ucpd
2025-04-17 13:48:36,396 [INFO] IPUIPlugin:80 - create IPUIPlugin
2025-04-17 13:48:36,396 [INFO] PluginManager:220 - loadIPPluginJar : add usart
2025-04-17 13:48:36,458 [INFO] IPUIPlugin:80 - create IPUIPlugin
2025-04-17 13:48:36,460 [INFO] PluginManager:220 - loadIPPluginJar : add usbx
2025-04-17 13:48:36,590 [FATAL] Updater:351 - Updater called before beeing initialized
2025-04-17 13:48:36,650 [INFO] RulesReader:64 - Compatibility file has been processed (297 Rules)
2025-04-17 13:48:36,683 [INFO] RulesReader:64 - Compatibility file has been processed (297 Rules)
2025-04-17 13:48:36,691 [INFO] CADModel:165 - CPN selected for project level
2025-04-17 13:48:36,691 [INFO] CADModel:114 - Register for checkConnection events
2025-04-17 13:48:36,692 [FATAL] Updater:351 - Updater called before beeing initialized
2025-04-17 13:48:36,692 [ERROR] CADModel:125 - Updater not yet initialized, retry later 
2025-04-17 13:48:36,876 [FATAL] Updater:351 - Updater called before beeing initialized
2025-04-17 13:48:36,879 [INFO] CADModel:165 - CPN selected for project level
2025-04-17 13:48:36,879 [INFO] CADModel:114 - Register for checkConnection events
2025-04-17 13:48:36,879 [FATAL] Updater:351 - Updater called before beeing initialized
2025-04-17 13:48:36,879 [ERROR] CADModel:125 - Updater not yet initialized, retry later 
2025-04-17 13:48:36,883 [FATAL] Updater:351 - Updater called before beeing initialized
2025-04-17 13:48:37,005 [FATAL] Updater:351 - Updater called before beeing initialized
2025-04-17 13:48:37,021 [INFO] DbMcusAds:53 - JSON generation date=Thu Mar 06 07:54:22 MST 2025 (1741272862078)
2025-04-17 13:48:37,022 [FATAL] Updater:351 - Updater called before beeing initialized
2025-04-17 13:48:37,084 [WARN] DetailPanel:346 - Failed to get advertising image, set to default
2025-04-17 13:48:37,315 [FATAL] Updater:351 - Updater called before beeing initialized
2025-04-17 13:48:37,319 [FATAL] Updater:351 - Updater called before beeing initialized
2025-04-17 13:48:37,319 [FATAL] Updater:351 - Updater called before beeing initialized
2025-04-17 13:48:37,319 [WARN] DetailPanel:346 - Failed to get advertising image, set to default
2025-04-17 13:48:37,320 [FATAL] Updater:351 - Updater called before beeing initialized
2025-04-17 13:48:37,399 [ERROR] Updater:1198 - MainUpdater not yet initialized. External WinMGr cannot be set.
2025-04-17 13:48:37,416 [INFO] Updater:1134 - Updater Version found : 6.13.0
2025-04-17 13:48:37,433 [INFO] ApplicationProperties:184 - Using Application install path: C:\ST\STM32CubeIDE_1.17.0\STM32CubeIDE\plugins\com.st.stm32cube.common.mx_6.13.0.202411220809
2025-04-17 13:48:38,516 [INFO] ThirdPartyUpdaterWithRetryManager:70 - Updater plugin not ready yet. [3/15]
2025-04-17 13:48:39,029 [ERROR] LogOutputStream:75 - [STDERR_REDIRECT] Apr 17, 2025 1:48:39 PM java.util.prefs.WindowsPreferences <init>
2025-04-17 13:48:39,030 [ERROR] LogOutputStream:75 - [STDERR_REDIRECT] WARNING: Could not open/create prefs root node Software\JavaSoft\Prefs at root 0xffffffff80000002. Windows RegCreateKeyEx(...) returned error code 5.
2025-04-17 13:48:39,031 [ERROR] LogOutputStream:75 - [STDERR_REDIRECT] 
2025-04-17 13:48:39,501 [INFO] MainUpdater:2872 - connection check result : 10
2025-04-17 13:48:39,502 [INFO] MainUpdater:289 - Updater Check For Update Now.
2025-04-17 13:48:39,502 [INFO] MicroXplorer:498 - Change Database Version : DB.6.0.130
2025-04-17 13:48:39,542 [INFO] McuFinderGlobals:63 - Set McuFinder mode to 2 (CubeIDE integrated)
2025-04-17 13:48:39,543 [INFO] UserAuth:171 - activating auth plugin
2025-04-17 13:48:39,548 [INFO] UserAuth:486 - Internet connection configuration mode: 1
2025-04-17 13:48:39,609 [INFO] JxBrowserEngine:152 - Initiate JxBrowser Engine with user profile folder
2025-04-17 13:48:39,768 [INFO] CheckServerUpdateThread:120 - End of CheckServer Thread
2025-04-17 13:48:40,710 [INFO] WebApp:168 - Instantiating new browser for Auth
2025-04-17 13:48:41,671 [INFO] WebApp:449 - Apply proxy settings
2025-04-17 13:48:41,672 [INFO] WebApp:534 - Chromium requires no authentication
2025-04-17 13:48:41,684 [INFO] WebApp:477 - Direct internet connection detected
2025-04-17 13:48:41,721 [INFO] WebApp:880 - Register for checkConnection events
2025-04-17 13:48:41,721 [INFO] WebApp:449 - Apply proxy settings
2025-04-17 13:48:41,722 [INFO] WebApp:534 - Chromium requires no authentication
2025-04-17 13:48:41,723 [INFO] WebApp:477 - Direct internet connection detected
2025-04-17 13:48:41,896 [WARN] PackLoader:240 - Cannot read IP mode file for STMicroelectronics.FP-SNS-MOTENVWB1.1.4.0
2025-04-17 13:48:41,918 [INFO] WebApp:187 - Connection restablished
2025-04-17 13:48:41,934 [WARN] PackLoader:240 - Cannot read IP mode file for STMicroelectronics.FP-ATR-ASTRA1.2.0.2
2025-04-17 13:48:41,965 [WARN] PackLoader:240 - Cannot read IP mode file for STMicroelectronics.FP-ATR-ASTRA1.2.0.1
2025-04-17 13:48:41,999 [WARN] PackLoader:240 - Cannot read IP mode file for STMicroelectronics.X-CUBE-SMBUS.2.1.0
2025-04-17 13:48:42,032 [WARN] PackLoader:240 - Cannot read IP mode file for STMicroelectronics.X-CUBE-WB05N.1.1.0
2025-04-17 13:48:42,073 [INFO] WebApp:221 - Starting web application
2025-04-17 13:48:42,075 [INFO] WebApp:579 - Web application path used C:\ST\STM32CubeIDE_1.17.0\STM32CubeIDE\plugins\com.st.stm32cube.common.mx_6.13.0.202411220809\db\plugins\mcufinder\reactClient1\index.html
2025-04-17 13:48:42,092 [WARN] PackLoader:240 - Cannot read IP mode file for STMicroelectronics.X-CUBE-AZRTOS-F7.1.1.0
2025-04-17 13:48:42,133 [WARN] PackLoader:240 - Cannot read IP mode file for STMicroelectronics.FP-SNS-FLIGHT1.5.0.2
2025-04-17 13:48:42,199 [WARN] PackLoader:240 - Cannot read IP mode file for Infineon.AIROC-Wi-Fi-Bluetooth-STM32.1.7.0
2025-04-17 13:48:42,246 [WARN] PackLoader:240 - Cannot read IP mode file for STMicroelectronics.X-CUBE-DISPLAY.3.0.0
2025-04-17 13:48:42,283 [WARN] PackLoader:240 - Cannot read IP mode file for STMicroelectronics.X-CUBE-BLE1.7.0.0
2025-04-17 13:48:42,317 [WARN] PackLoader:240 - Cannot read IP mode file for STMicroelectronics.X-CUBE-NFC10.1.0.0
2025-04-17 13:48:42,364 [WARN] PackLoader:240 - Cannot read IP mode file for STMicroelectronics.X-CUBE-BLEMGR.4.0.0
2025-04-17 13:48:42,405 [WARN] PackLoader:240 - Cannot read IP mode file for emotas.I-CUBE-CANOPEN.1.3.0
2025-04-17 13:48:42,437 [WARN] PackLoader:240 - Cannot read IP mode file for STMicroelectronics.X-CUBE-AI.10.0.0
2025-04-17 13:48:42,461 [WARN] PackLoader:240 - Cannot read IP mode file for STMicroelectronics.FP-SNS-SMARTAG2.1.2.0
2025-04-17 13:48:42,481 [WARN] PackLoader:240 - Cannot read IP mode file for STMicroelectronics.FP-SNS-FLIGHT1.5.1.0
2025-04-17 13:48:42,563 [WARN] PackLoader:240 - Cannot read IP mode file for STMicroelectronics.X-CUBE-MEMS1.11.1.0
2025-04-17 13:48:42,725 [INFO] LogOutputStream:77 - [STDOUT_REDIRECT] 1 : Invalid condition id : UX_CORESTACK_Condition cause : null
2025-04-17 13:48:42,726 [INFO] LogOutputStream:77 - [STDOUT_REDIRECT] 1 : Invalid condition id : UX_CORESTACK_Condition cause : null
2025-04-17 13:48:42,728 [INFO] LogOutputStream:77 - [STDOUT_REDIRECT] 1 : Invalid condition id : UX_CORESTACK_Condition cause : null
2025-04-17 13:48:42,729 [INFO] LogOutputStream:77 - [STDOUT_REDIRECT] 1 : Invalid condition id : UX_CORESTACK_Condition cause : null
2025-04-17 13:48:42,730 [INFO] LogOutputStream:77 - [STDOUT_REDIRECT] 1 : Invalid condition id : UX_CORESTACK_Condition cause : null
2025-04-17 13:48:42,733 [WARN] PackLoader:240 - Cannot read IP mode file for STMicroelectronics.X-CUBE-AZRTOS-WL.2.0.0
2025-04-17 13:48:42,752 [WARN] PackLoader:240 - Cannot read IP mode file for STMicroelectronics.FP-SNS-MOTENV1.5.0.0
2025-04-17 13:48:42,771 [WARN] PackLoader:240 - Cannot read IP mode file for wolfSSL.I-CUBE-wolfMQTT.1.19.0
2025-04-17 13:48:42,792 [WARN] PackLoader:240 - Cannot read IP mode file for WES.I-CUBE-Cesium.1.3.0
2025-04-17 13:48:42,808 [WARN] PackLoader:240 - Cannot read IP mode file for STMicroelectronics.X-CUBE-BLE2.3.3.0
2025-04-17 13:48:42,826 [WARN] PackLoader:240 - Cannot read IP mode file for STMicroelectronics.X-CUBE-NFC9.1.0.0
2025-04-17 13:48:42,842 [WARN] PackLoader:240 - Cannot read IP mode file for STMicroelectronics.X-CUBE-BLE1.7.1.0
2025-04-17 13:48:42,871 [WARN] PackLoader:240 - Cannot read IP mode file for STMicroelectronics.X-CUBE-AZRTOS-G0.1.1.0
2025-04-17 13:48:42,892 [WARN] PackLoader:240 - Cannot read IP mode file for STMicroelectronics.X-CUBE-SAFEA1.1.2.2
2025-04-17 13:48:42,916 [WARN] PackLoader:240 - Cannot read IP mode file for STMicroelectronics.X-CUBE-NFC4.3.0.0
2025-04-17 13:48:42,943 [WARN] PackLoader:240 - Cannot read IP mode file for EmbeddedOffice.I-CUBE-FS-RTOS.1.0.1
2025-04-17 13:48:42,966 [WARN] PackLoader:240 - Cannot read IP mode file for STMicroelectronics.X-CUBE-TCPP.4.2.0
2025-04-17 13:48:42,986 [WARN] PackLoader:240 - Cannot read IP mode file for RealThread.X-CUBE-RT-Thread_Nano.4.1.1
2025-04-17 13:48:43,006 [WARN] PackLoader:240 - Cannot read IP mode file for STMicroelectronics.FP-ATR-SIGFOX1.3.2.0
2025-04-17 13:48:43,022 [WARN] ConditionMgr:438 - getConditionDescription Invalid condition id : Cortex-A Device cause : null
2025-04-17 13:48:43,046 [WARN] ConditionMgr:1044 - genDependencies : Invalid condition id : Cortex-A Device cause : null
2025-04-17 13:48:43,046 [WARN] ConditionMgr:1044 - genDependencies : Invalid condition id : Cortex-A Device cause : null
2025-04-17 13:48:43,047 [WARN] ConditionMgr:1044 - genDependencies : Invalid condition id : Cortex-A Device cause : null
2025-04-17 13:48:43,063 [WARN] PackLoader:240 - Cannot read IP mode file for STMicroelectronics.X-CUBE-EEPRMA1.5.1.0
2025-04-17 13:48:43,077 [WARN] PackLoader:240 - Cannot read IP mode file for wolfSSL.I-CUBE-wolfSSL.5.7.4
2025-04-17 13:48:43,093 [WARN] PackLoader:240 - Cannot read IP mode file for ITTIA_DB.I-CUBE-ITTIADB.8.9.0
2025-04-17 13:48:43,121 [WARN] PackLoader:240 - Cannot read IP mode file for SEGGER.I-CUBE-embOS.1.3.1
2025-04-17 13:48:43,213 [WARN] PackLoader:240 - Cannot read IP mode file for STMicroelectronics.X-CUBE-ALGOBUILD.1.4.0
2025-04-17 13:48:43,242 [WARN] PackLoader:240 - Cannot read IP mode file for STMicroelectronics.X-CUBE-AI.9.1.0
2025-04-17 13:48:43,275 [WARN] PackLoader:240 - Cannot read IP mode file for STMicroelectronics.X-CUBE-AZRTOS-F4.1.1.0
2025-04-17 13:48:43,296 [WARN] PackLoader:240 - Cannot read IP mode file for STMicroelectronics.X-CUBE-ISPU.2.1.0
2025-04-17 13:48:43,326 [WARN] PackLoader:240 - Cannot read IP mode file for STMicroelectronics.X-CUBE-AZRTOS-L5.2.0.0
2025-04-17 13:48:43,346 [WARN] PackLoader:240 - Cannot read IP mode file for STMicroelectronics.X-CUBE-NFC6.3.1.0
2025-04-17 13:48:43,367 [WARN] PackLoader:240 - Cannot read IP mode file for STMicroelectronics.X-CUBE-DPower.1.2.0
2025-04-17 13:48:43,384 [WARN] PackLoader:240 - Cannot read IP mode file for STMicroelectronics.X-CUBE-FREERTOS.1.3.0
2025-04-17 13:48:43,401 [WARN] PackLoader:240 - Cannot read IP mode file for STMicroelectronics.X-CUBE-NFC7.1.0.1
2025-04-17 13:48:43,417 [WARN] PackLoader:240 - Cannot read IP mode file for STMicroelectronics.X-CUBE-DPower.1.3.0
2025-04-17 13:48:43,447 [WARN] ConditionMgr:438 - getConditionDescription Invalid condition id : LAN8742 Phy interface Condition cause : null
2025-04-17 13:48:43,447 [WARN] PackLoader:240 - Cannot read IP mode file for STMicroelectronics.X-CUBE-AZRTOS-L4.2.0.0
2025-04-17 13:48:43,448 [WARN] ConditionMgr:1044 - genDependencies : Invalid condition id : LAN8742 Phy interface Condition cause : null
2025-04-17 13:48:43,448 [WARN] ConditionMgr:1044 - genDependencies : Invalid condition id : LAN8742 Phy interface Condition cause : null
2025-04-17 13:48:43,448 [WARN] ConditionMgr:1044 - genDependencies : Invalid condition id : LAN8742 Phy interface Condition cause : null
2025-04-17 13:48:43,465 [WARN] PackLoader:240 - Cannot read IP mode file for STMicroelectronics.X-CUBE-SFXS2LP1.4.0.0
2025-04-17 13:48:43,495 [WARN] PackLoader:240 - Cannot read IP mode file for STMicroelectronics.X-CUBE-AZRTOS-H7.3.3.0
2025-04-17 13:48:43,523 [WARN] ConditionMgr:438 - getConditionDescription Invalid condition id : UX DEVICE CLASS RTOS Condition cause : null
2025-04-17 13:48:43,523 [WARN] ConditionMgr:438 - getConditionDescription Invalid condition id : UX DEVICE CLASS RTOS Condition cause : null
2025-04-17 13:48:43,524 [WARN] PackLoader:240 - Cannot read IP mode file for STMicroelectronics.X-CUBE-AZRTOS-WB.2.0.0
2025-04-17 13:48:43,524 [WARN] ConditionMgr:1044 - genDependencies : Invalid condition id : UX DEVICE CLASS RTOS Condition cause : null
2025-04-17 13:48:43,524 [WARN] ConditionMgr:1044 - genDependencies : Invalid condition id : UX DEVICE CLASS RTOS Condition cause : null
2025-04-17 13:48:43,524 [WARN] ConditionMgr:1044 - genDependencies : Invalid condition id : UX DEVICE CLASS RTOS Condition cause : null
2025-04-17 13:48:43,524 [WARN] ConditionMgr:1044 - genDependencies : Invalid condition id : UX DEVICE CLASS RTOS Condition cause : null
2025-04-17 13:48:43,524 [WARN] ConditionMgr:1044 - genDependencies : Invalid condition id : UX DEVICE CLASS RTOS Condition cause : null
2025-04-17 13:48:43,541 [WARN] PackLoader:240 - Cannot read IP mode file for STMicroelectronics.X-CUBE-GNSS1.7.0.1
2025-04-17 13:48:43,560 [WARN] PackLoader:240 - Cannot read IP mode file for STMicroelectronics.X-CUBE-TOUCHGFX.4.25.0
2025-04-17 13:48:43,577 [WARN] PackLoader:240 - Cannot read IP mode file for STMicroelectronics.FP-SNS-STBOX1.2.0.0
2025-04-17 13:48:43,597 [WARN] PackLoader:240 - Cannot read IP mode file for STMicroelectronics.X-CUBE-SUBG2.5.0.0
2025-04-17 13:48:43,633 [WARN] PackLoader:240 - Cannot read IP mode file for STMicroelectronics.X-CUBE-AZRTOS-H7RS.1.1.0
2025-04-17 13:48:43,650 [WARN] PackLoader:240 - Cannot read IP mode file for Cesanta.I-CUBE-Mongoose.7.13.0
2025-04-17 13:48:43,675 [WARN] PackLoader:240 - Cannot read IP mode file for STMicroelectronics.X-CUBE-AZRTOS-G4.2.0.0
2025-04-17 13:48:43,697 [WARN] PackLoader:240 - Cannot read IP mode file for STMicroelectronics.X-CUBE-IPS.3.1.0
2025-04-17 13:48:43,716 [WARN] PackLoader:240 - Cannot read IP mode file for STMicroelectronics.X-CUBE-ALS.1.0.2
2025-04-17 13:48:43,733 [WARN] PackLoader:240 - Cannot read IP mode file for STMicroelectronics.X-CUBE-TOUCHGFX.4.24.2
2025-04-17 13:48:43,749 [WARN] PackLoader:240 - Cannot read IP mode file for wolfSSL.I-CUBE-wolfTPM.3.4.0
2025-04-17 13:48:43,767 [WARN] PackLoader:240 - Cannot read IP mode file for portGmbH.I-Cube-SoM-uGOAL.1.1.0
2025-04-17 13:48:43,796 [WARN] PackLoader:240 - Cannot read IP mode file for STMicroelectronics.X-CUBE-AZRTOS-H7RS.1.0.0
2025-04-17 13:48:43,819 [WARN] PackLoader:240 - Cannot read IP mode file for STMicroelectronics.X-CUBE-TOF1.3.4.2
2025-04-17 13:48:43,845 [WARN] PackLoader:240 - Cannot read IP mode file for wolfSSL.I-CUBE-wolfSSH.1.4.17
2025-04-17 13:48:43,845 [INFO] ThirdParty:978 - Integrity check success = true
2025-04-17 13:48:43,846 [INFO] IntegrityCheckThread:100 - exiting critical section [integrity check]
2025-04-17 13:48:43,846 [INFO] IntegrityCheckThread:103 - End integrity checks thread
2025-04-17 14:19:13,383 [INFO] WebApp:190 - Connection lost
2025-04-17 14:19:13,582 [INFO] WebApp:187 - Connection restablished
2025-04-17 14:19:49,839 [INFO] WebApp:190 - Connection lost
2025-04-17 14:19:50,094 [INFO] WebApp:187 - Connection restablished
2025-04-17 14:20:01,826 [INFO] WebApp:190 - Connection lost
2025-04-17 14:20:19,422 [INFO] WebApp:187 - Connection restablished
2025-04-17 14:20:27,912 [INFO] WebApp:190 - Connection lost
2025-04-17 14:20:28,026 [INFO] WebApp:187 - Connection restablished
2025-04-17 14:20:55,327 [INFO] WebApp:190 - Connection lost
2025-04-17 14:20:55,458 [INFO] WebApp:187 - Connection restablished
2025-04-17 14:21:01,827 [INFO] WebApp:190 - Connection lost
2025-04-17 14:21:01,933 [INFO] WebApp:187 - Connection restablished
2025-04-17 14:21:31,476 [INFO] WebApp:190 - Connection lost
2025-04-17 14:21:31,598 [INFO] WebApp:187 - Connection restablished
2025-04-17 14:21:34,822 [INFO] WebApp:190 - Connection lost
2025-04-17 14:21:34,921 [INFO] WebApp:187 - Connection restablished
2025-04-17 14:22:01,803 [INFO] WebApp:190 - Connection lost
2025-04-17 14:22:15,023 [INFO] WebApp:187 - Connection restablished
2025-04-17 14:22:15,343 [INFO] WebApp:190 - Connection lost
2025-04-17 14:22:15,383 [INFO] WebApp:187 - Connection restablished
2025-04-17 14:22:21,322 [INFO] WebApp:190 - Connection lost
2025-04-17 14:23:36,377 [INFO] WebApp:187 - Connection restablished
2025-04-17 14:23:41,819 [INFO] WebApp:190 - Connection lost
2025-04-17 14:23:45,947 [INFO] WebApp:187 - Connection restablished
2025-04-17 14:23:49,303 [INFO] WebApp:190 - Connection lost
2025-04-17 14:23:49,677 [INFO] WebApp:187 - Connection restablished
2025-04-17 14:24:10,826 [INFO] WebApp:190 - Connection lost
2025-04-17 14:25:28,462 [INFO] WebApp:187 - Connection restablished
2025-04-17 14:25:30,805 [INFO] WebApp:190 - Connection lost
2025-04-17 14:25:31,030 [INFO] WebApp:187 - Connection restablished
2025-04-17 14:25:37,812 [INFO] WebApp:190 - Connection lost
2025-04-17 14:25:38,019 [INFO] WebApp:187 - Connection restablished
2025-04-17 14:25:46,100 [INFO] WebApp:190 - Connection lost
2025-04-17 14:26:22,857 [INFO] WebApp:187 - Connection restablished
2025-04-17 14:26:25,812 [INFO] WebApp:190 - Connection lost
2025-04-17 14:26:26,756 [INFO] WebApp:187 - Connection restablished
2025-04-17 14:26:31,331 [INFO] WebApp:190 - Connection lost
2025-04-17 14:26:31,439 [INFO] WebApp:187 - Connection restablished
2025-04-17 14:26:36,853 [INFO] WebApp:190 - Connection lost
2025-04-17 14:26:37,002 [INFO] WebApp:187 - Connection restablished
2025-04-17 14:26:40,318 [INFO] WebApp:190 - Connection lost
2025-04-17 14:26:50,616 [INFO] WebApp:187 - Connection restablished
2025-04-17 14:26:54,298 [INFO] WebApp:190 - Connection lost
2025-04-17 14:26:54,450 [INFO] WebApp:187 - Connection restablished
2025-04-17 14:27:04,332 [INFO] WebApp:190 - Connection lost
2025-04-17 14:27:04,462 [INFO] WebApp:187 - Connection restablished
2025-04-17 14:30:12,334 [INFO] WebApp:190 - Connection lost
2025-04-17 14:30:12,486 [INFO] WebApp:187 - Connection restablished
2025-04-17 15:28:40,630 [INFO] WebApp:190 - Connection lost
2025-04-17 15:29:02,483 [INFO] WebApp:187 - Connection restablished
2025-04-17 15:29:12,741 [INFO] WebApp:190 - Connection lost
2025-04-17 15:29:13,943 [INFO] WebApp:187 - Connection restablished
2025-04-17 15:29:14,773 [INFO] WebApp:190 - Connection lost
2025-04-17 15:29:14,886 [INFO] WebApp:187 - Connection restablished
2025-04-17 15:29:17,868 [INFO] WebApp:190 - Connection lost
2025-04-17 15:29:18,202 [INFO] WebApp:187 - Connection restablished
2025-04-17 15:29:35,350 [INFO] WebApp:190 - Connection lost
2025-04-17 15:29:36,566 [INFO] WebApp:187 - Connection restablished
2025-04-17 15:29:43,200 [INFO] WebApp:190 - Connection lost
2025-04-17 15:29:48,084 [INFO] WebApp:187 - Connection restablished
2025-04-17 15:29:54,072 [INFO] WebApp:190 - Connection lost
2025-04-17 15:30:03,215 [INFO] WebApp:187 - Connection restablished
2025-04-17 15:30:04,391 [INFO] WebApp:190 - Connection lost
2025-04-17 15:30:04,516 [INFO] WebApp:187 - Connection restablished
2025-04-17 15:30:07,823 [INFO] WebApp:190 - Connection lost
2025-04-17 15:30:07,949 [INFO] WebApp:187 - Connection restablished
2025-04-17 15:30:26,313 [INFO] WebApp:190 - Connection lost
2025-04-17 15:30:26,421 [INFO] WebApp:187 - Connection restablished
2025-04-17 15:30:52,600 [INFO] WebApp:190 - Connection lost
2025-04-17 15:30:53,823 [INFO] WebApp:187 - Connection restablished
2025-04-17 15:30:54,668 [INFO] WebApp:190 - Connection lost
2025-04-17 15:30:54,783 [INFO] WebApp:187 - Connection restablished
2025-04-17 15:30:57,835 [INFO] WebApp:190 - Connection lost
2025-04-17 15:30:58,029 [INFO] WebApp:187 - Connection restablished
2025-04-17 15:31:17,817 [INFO] WebApp:190 - Connection lost
2025-04-17 15:31:19,078 [INFO] WebApp:187 - Connection restablished
2025-04-17 15:31:22,828 [INFO] WebApp:190 - Connection lost
2025-04-17 15:31:22,941 [INFO] WebApp:187 - Connection restablished
2025-04-17 15:32:07,820 [INFO] WebApp:190 - Connection lost
2025-04-17 15:32:07,958 [INFO] WebApp:187 - Connection restablished
2025-04-17 15:32:17,327 [INFO] WebApp:190 - Connection lost
2025-04-17 15:32:17,449 [INFO] WebApp:187 - Connection restablished
2025-04-17 19:02:45,706 [INFO] WebApp:190 - Connection lost
2025-04-17 21:47:13,507 [INFO] WebApp:187 - Connection restablished
2025-04-17 21:47:15,437 [INFO] WebApp:190 - Connection lost
2025-04-17 21:47:15,681 [INFO] WebApp:187 - Connection restablished
2025-04-17 21:47:18,816 [INFO] WebApp:190 - Connection lost
2025-04-17 21:47:18,946 [INFO] WebApp:187 - Connection restablished
2025-04-17 23:46:12,043 [INFO] WebApp:190 - Connection lost
2025-04-17 23:46:12,310 [INFO] WebApp:187 - Connection restablished
