12:00:10 **** Build of configuration Debug for project ECEN2370_StarterCode_SP25 ****
make -j16 all 
arm-none-eabi-gcc -o "ECEN2370_StarterCode_SP25.elf" @"objects.list"   -mcpu=cortex-m4 -T"C:\Users\jackb\ECEN2370_Final_Project\ECEN2370_StarterCode_SP25\STM32F429ZITX_FLASH.ld" --specs=nosys.specs -Wl,-Map="ECEN2370_StarterCode_SP25.map" -Wl,--gc-sections -static --specs=nano.specs -mfpu=fpv4-sp-d16 -mfloat-abi=hard -mthumb -Wl,--start-group -lc -lm -Wl,--end-group
Finished building target: ECEN2370_StarterCode_SP25.elf
 
arm-none-eabi-size  ECEN2370_StarterCode_SP25.elf 
arm-none-eabi-objdump -h -S ECEN2370_StarterCode_SP25.elf  > "ECEN2370_StarterCode_SP25.list"
   text	   data	    bss	    dec	    hex	filename
  39252	    128	 156416	 195796	  2fcd4	ECEN2370_StarterCode_SP25.elf
Finished building: default.size.stdout
 
Finished building: ECEN2370_StarterCode_SP25.list
 
12:00:20 **** Incremental Build of configuration Debug for project ECEN2370_StarterCode_SP25 ****
make -j16 all 
arm-none-eabi-size  ECEN2370_StarterCode_SP25.elf 
   text	   data	    bss	    dec	    hex	filename
  39252	    128	 156416	 195796	  2fcd4	ECEN2370_StarterCode_SP25.elf
Finished building: default.size.stdout
 
12:50:39 **** Incremental Build of configuration Debug for project ECEN2370_StarterCode_SP25 ****
make -j16 all 
arm-none-eabi-size  ECEN2370_StarterCode_SP25.elf 
   text	   data	    bss	    dec	    hex	filename
  39252	    128	 156416	 195796	  2fcd4	ECEN2370_StarterCode_SP25.elf
Finished building: default.size.stdout
 
